interactions:
- request:
    body: ''
    headers:
      accept:
      - application/json
      accept-encoding:
      - gzip, deflate
      connection:
      - keep-alive
      host:
      - api.github.com
      user-agent:
      - Default
    method: GET
    uri: https://api.github.com/repos/ThiagoCodecov/example-python/compare/4535be18e90467d6d9a99c0ce651becec7f7eba6...2e2600aa09525e2e1e1d98b09de61454d29c94bb
  response:
    content: '{"url":"https://api.github.com/repos/ThiagoCodecov/example-python/compare/4535be18e90467d6d9a99c0ce651becec7f7eba6...2e2600aa09525e2e1e1d98b09de61454d29c94bb","html_url":"https://github.com/ThiagoCodecov/example-python/compare/4535be18e90467d6d9a99c0ce651becec7f7eba6...2e2600aa09525e2e1e1d98b09de61454d29c94bb","permalink_url":"https://github.com/ThiagoCodecov/example-python/compare/ThiagoCodecov:4535be1...ThiagoCodecov:2e2600a","diff_url":"https://github.com/ThiagoCodecov/example-python/compare/4535be18e90467d6d9a99c0ce651becec7f7eba6...2e2600aa09525e2e1e1d98b09de61454d29c94bb.diff","patch_url":"https://github.com/ThiagoCodecov/example-python/compare/4535be18e90467d6d9a99c0ce651becec7f7eba6...2e2600aa09525e2e1e1d98b09de61454d29c94bb.patch","base_commit":{"sha":"4535be18e90467d6d9a99c0ce651becec7f7eba6","node_id":"MDY6Q29tbWl0MTU2NjE3Nzc3OjQ1MzViZTE4ZTkwNDY3ZDZkOWE5OWMwY2U2NTFiZWNlYzdmN2ViYTY=","commit":{"author":{"name":"Thiago
      Ramos","email":"thiago@codecov.io","date":"2019-12-31T03:23:55Z"},"committer":{"name":"Thiago
      Ramos","email":"thiago@codecov.io","date":"2019-12-31T03:23:55Z"},"message":"20EE4D09-F49E-474B-B7AF-4E4916EF82FA","tree":{"sha":"7da71bf52d31d24403d4208835b5d1333ba54695","url":"https://api.github.com/repos/ThiagoCodecov/example-python/git/trees/7da71bf52d31d24403d4208835b5d1333ba54695"},"url":"https://api.github.com/repos/ThiagoCodecov/example-python/git/commits/4535be18e90467d6d9a99c0ce651becec7f7eba6","comment_count":0,"verification":{"verified":false,"reason":"unsigned","signature":null,"payload":null}},"url":"https://api.github.com/repos/ThiagoCodecov/example-python/commits/4535be18e90467d6d9a99c0ce651becec7f7eba6","html_url":"https://github.com/ThiagoCodecov/example-python/commit/4535be18e90467d6d9a99c0ce651becec7f7eba6","comments_url":"https://api.github.com/repos/ThiagoCodecov/example-python/commits/4535be18e90467d6d9a99c0ce651becec7f7eba6/comments","author":{"login":"ThiagoCodecov","id":44376991,"node_id":"MDQ6VXNlcjQ0Mzc2OTkx","avatar_url":"https://avatars.githubusercontent.com/u/44376991?v=4","gravatar_id":"","url":"https://api.github.com/users/ThiagoCodecov","html_url":"https://github.com/ThiagoCodecov","followers_url":"https://api.github.com/users/ThiagoCodecov/followers","following_url":"https://api.github.com/users/ThiagoCodecov/following{/other_user}","gists_url":"https://api.github.com/users/ThiagoCodecov/gists{/gist_id}","starred_url":"https://api.github.com/users/ThiagoCodecov/starred{/owner}{/repo}","subscriptions_url":"https://api.github.com/users/ThiagoCodecov/subscriptions","organizations_url":"https://api.github.com/users/ThiagoCodecov/orgs","repos_url":"https://api.github.com/users/ThiagoCodecov/repos","events_url":"https://api.github.com/users/ThiagoCodecov/events{/privacy}","received_events_url":"https://api.github.com/users/ThiagoCodecov/received_events","type":"User","site_admin":false},"committer":{"login":"ThiagoCodecov","id":44376991,"node_id":"MDQ6VXNlcjQ0Mzc2OTkx","avatar_url":"https://avatars.githubusercontent.com/u/44376991?v=4","gravatar_id":"","url":"https://api.github.com/users/ThiagoCodecov","html_url":"https://github.com/ThiagoCodecov","followers_url":"https://api.github.com/users/ThiagoCodecov/followers","following_url":"https://api.github.com/users/ThiagoCodecov/following{/other_user}","gists_url":"https://api.github.com/users/ThiagoCodecov/gists{/gist_id}","starred_url":"https://api.github.com/users/ThiagoCodecov/starred{/owner}{/repo}","subscriptions_url":"https://api.github.com/users/ThiagoCodecov/subscriptions","organizations_url":"https://api.github.com/users/ThiagoCodecov/orgs","repos_url":"https://api.github.com/users/ThiagoCodecov/repos","events_url":"https://api.github.com/users/ThiagoCodecov/events{/privacy}","received_events_url":"https://api.github.com/users/ThiagoCodecov/received_events","type":"User","site_admin":false},"parents":[{"sha":"66567ec66e07440e3170910df61cf458812323fc","url":"https://api.github.com/repos/ThiagoCodecov/example-python/commits/66567ec66e07440e3170910df61cf458812323fc","html_url":"https://github.com/ThiagoCodecov/example-python/commit/66567ec66e07440e3170910df61cf458812323fc"}]},"merge_base_commit":{"sha":"30cc1ed751a59fa9e7ad8e79fff41a6fe11ef5dd","node_id":"MDY6Q29tbWl0MTU2NjE3Nzc3OjMwY2MxZWQ3NTFhNTlmYTllN2FkOGU3OWZmZjQxYTZmZTExZWY1ZGQ=","commit":{"author":{"name":"Thiago","email":"44376991+ThiagoCodecov@users.noreply.github.com","date":"2019-12-09T12:02:11Z"},"committer":{"name":"GitHub","email":"noreply@github.com","date":"2019-12-09T12:02:11Z"},"message":"Update
      README.md","tree":{"sha":"c901b3cb75fd85aebf03f254494d5ad06b86777e","url":"https://api.github.com/repos/ThiagoCodecov/example-python/git/trees/c901b3cb75fd85aebf03f254494d5ad06b86777e"},"url":"https://api.github.com/repos/ThiagoCodecov/example-python/git/commits/30cc1ed751a59fa9e7ad8e79fff41a6fe11ef5dd","comment_count":0,"verification":{"verified":true,"reason":"valid","signature":"-----BEGIN
      PGP SIGNATURE-----\n\nwsBcBAABCAAQBQJd7jfDCRBK7hj4Ov3rIwAAdHIIAF8TrpEbraVNLuNObBiQefch\nVHGpc6MNxOnnRgGPZZl/egrosAxCJ2og+ArrjQG+D/7eYUhWeb73YPR8lWvVf6YN\nIkNSwv1o/2bmH3pma9DR4wDXnKeO/w/UPhNZaGC1w3dcvsHSJReSRkl/ipLxtPep\n3XpmC8RdIwFNU1hG8Dd5iKqJz3d3iA3mdkb3vrvYmKq2imQigSbXpOvL1o/Du9DN\nxE29+ZeGqTZf0Z5QHgJT7THw8P1bf/UJUado7nn6cIon/slDbP/ZirN3rgEJWXU6\neH9/bdS+HMcCwK5TZwJBXgRkbtzRIgc7mj5cTWOSX8XFuUnOS/QCyfkAIvajseU=\n=3PXD\n-----END
      PGP SIGNATURE-----\n","payload":"tree c901b3cb75fd85aebf03f254494d5ad06b86777e\nparent
      2dfb36626ca60a8aa6d2bc624ad0f54b473bb436\nauthor Thiago <44376991+ThiagoCodecov@users.noreply.github.com>
      1575892931 -0300\ncommitter GitHub <noreply@github.com> 1575892931 -0300\n\nUpdate
      README.md"}},"url":"https://api.github.com/repos/ThiagoCodecov/example-python/commits/30cc1ed751a59fa9e7ad8e79fff41a6fe11ef5dd","html_url":"https://github.com/ThiagoCodecov/example-python/commit/30cc1ed751a59fa9e7ad8e79fff41a6fe11ef5dd","comments_url":"https://api.github.com/repos/ThiagoCodecov/example-python/commits/30cc1ed751a59fa9e7ad8e79fff41a6fe11ef5dd/comments","author":{"login":"ThiagoCodecov","id":44376991,"node_id":"MDQ6VXNlcjQ0Mzc2OTkx","avatar_url":"https://avatars.githubusercontent.com/u/44376991?v=4","gravatar_id":"","url":"https://api.github.com/users/ThiagoCodecov","html_url":"https://github.com/ThiagoCodecov","followers_url":"https://api.github.com/users/ThiagoCodecov/followers","following_url":"https://api.github.com/users/ThiagoCodecov/following{/other_user}","gists_url":"https://api.github.com/users/ThiagoCodecov/gists{/gist_id}","starred_url":"https://api.github.com/users/ThiagoCodecov/starred{/owner}{/repo}","subscriptions_url":"https://api.github.com/users/ThiagoCodecov/subscriptions","organizations_url":"https://api.github.com/users/ThiagoCodecov/orgs","repos_url":"https://api.github.com/users/ThiagoCodecov/repos","events_url":"https://api.github.com/users/ThiagoCodecov/events{/privacy}","received_events_url":"https://api.github.com/users/ThiagoCodecov/received_events","type":"User","site_admin":false},"committer":{"login":"web-flow","id":19864447,"node_id":"MDQ6VXNlcjE5ODY0NDQ3","avatar_url":"https://avatars.githubusercontent.com/u/19864447?v=4","gravatar_id":"","url":"https://api.github.com/users/web-flow","html_url":"https://github.com/web-flow","followers_url":"https://api.github.com/users/web-flow/followers","following_url":"https://api.github.com/users/web-flow/following{/other_user}","gists_url":"https://api.github.com/users/web-flow/gists{/gist_id}","starred_url":"https://api.github.com/users/web-flow/starred{/owner}{/repo}","subscriptions_url":"https://api.github.com/users/web-flow/subscriptions","organizations_url":"https://api.github.com/users/web-flow/orgs","repos_url":"https://api.github.com/users/web-flow/repos","events_url":"https://api.github.com/users/web-flow/events{/privacy}","received_events_url":"https://api.github.com/users/web-flow/received_events","type":"User","site_admin":false},"parents":[{"sha":"2dfb36626ca60a8aa6d2bc624ad0f54b473bb436","url":"https://api.github.com/repos/ThiagoCodecov/example-python/commits/2dfb36626ca60a8aa6d2bc624ad0f54b473bb436","html_url":"https://github.com/ThiagoCodecov/example-python/commit/2dfb36626ca60a8aa6d2bc624ad0f54b473bb436"}]},"status":"diverged","ahead_by":3,"behind_by":11,"total_commits":3,"commits":[{"sha":"e022f588e40269f8ab1c568080dc4a7662ff2335","node_id":"MDY6Q29tbWl0MTU2NjE3Nzc3OmUwMjJmNTg4ZTQwMjY5ZjhhYjFjNTY4MDgwZGM0YTc2NjJmZjIzMzU=","commit":{"author":{"name":"Thiago
      Ramos","email":"thiago@codecov.io","date":"2019-12-09T12:17:44Z"},"committer":{"name":"Thiago
      Ramos","email":"thiago@codecov.io","date":"2019-12-09T12:17:44Z"},"message":"69E76A1D-FD86-4A90-A6CE-6A66BEEE75CA","tree":{"sha":"6188b6c086ebf6c63626abca649d2596b145c84c","url":"https://api.github.com/repos/ThiagoCodecov/example-python/git/trees/6188b6c086ebf6c63626abca649d2596b145c84c"},"url":"https://api.github.com/repos/ThiagoCodecov/example-python/git/commits/e022f588e40269f8ab1c568080dc4a7662ff2335","comment_count":0,"verification":{"verified":false,"reason":"unsigned","signature":null,"payload":null}},"url":"https://api.github.com/repos/ThiagoCodecov/example-python/commits/e022f588e40269f8ab1c568080dc4a7662ff2335","html_url":"https://github.com/ThiagoCodecov/example-python/commit/e022f588e40269f8ab1c568080dc4a7662ff2335","comments_url":"https://api.github.com/repos/ThiagoCodecov/example-python/commits/e022f588e40269f8ab1c568080dc4a7662ff2335/comments","author":{"login":"ThiagoCodecov","id":44376991,"node_id":"MDQ6VXNlcjQ0Mzc2OTkx","avatar_url":"https://avatars.githubusercontent.com/u/44376991?v=4","gravatar_id":"","url":"https://api.github.com/users/ThiagoCodecov","html_url":"https://github.com/ThiagoCodecov","followers_url":"https://api.github.com/users/ThiagoCodecov/followers","following_url":"https://api.github.com/users/ThiagoCodecov/following{/other_user}","gists_url":"https://api.github.com/users/ThiagoCodecov/gists{/gist_id}","starred_url":"https://api.github.com/users/ThiagoCodecov/starred{/owner}{/repo}","subscriptions_url":"https://api.github.com/users/ThiagoCodecov/subscriptions","organizations_url":"https://api.github.com/users/ThiagoCodecov/orgs","repos_url":"https://api.github.com/users/ThiagoCodecov/repos","events_url":"https://api.github.com/users/ThiagoCodecov/events{/privacy}","received_events_url":"https://api.github.com/users/ThiagoCodecov/received_events","type":"User","site_admin":false},"committer":{"login":"ThiagoCodecov","id":44376991,"node_id":"MDQ6VXNlcjQ0Mzc2OTkx","avatar_url":"https://avatars.githubusercontent.com/u/44376991?v=4","gravatar_id":"","url":"https://api.github.com/users/ThiagoCodecov","html_url":"https://github.com/ThiagoCodecov","followers_url":"https://api.github.com/users/ThiagoCodecov/followers","following_url":"https://api.github.com/users/ThiagoCodecov/following{/other_user}","gists_url":"https://api.github.com/users/ThiagoCodecov/gists{/gist_id}","starred_url":"https://api.github.com/users/ThiagoCodecov/starred{/owner}{/repo}","subscriptions_url":"https://api.github.com/users/ThiagoCodecov/subscriptions","organizations_url":"https://api.github.com/users/ThiagoCodecov/orgs","repos_url":"https://api.github.com/users/ThiagoCodecov/repos","events_url":"https://api.github.com/users/ThiagoCodecov/events{/privacy}","received_events_url":"https://api.github.com/users/ThiagoCodecov/received_events","type":"User","site_admin":false},"parents":[{"sha":"30cc1ed751a59fa9e7ad8e79fff41a6fe11ef5dd","url":"https://api.github.com/repos/ThiagoCodecov/example-python/commits/30cc1ed751a59fa9e7ad8e79fff41a6fe11ef5dd","html_url":"https://github.com/ThiagoCodecov/example-python/commit/30cc1ed751a59fa9e7ad8e79fff41a6fe11ef5dd"}]},{"sha":"c2a05aa15ecad5bec37e29b9fe51ef30120f8642","node_id":"MDY6Q29tbWl0MTU2NjE3Nzc3OmMyYTA1YWExNWVjYWQ1YmVjMzdlMjliOWZlNTFlZjMwMTIwZjg2NDI=","commit":{"author":{"name":"Thiago
      Ramos","email":"thiago@codecov.io","date":"2019-12-09T12:17:47Z"},"committer":{"name":"Thiago
      Ramos","email":"thiago@codecov.io","date":"2019-12-09T12:17:47Z"},"message":"81905186-E567-4E4E-A5CB-3E5BFB820E57","tree":{"sha":"dd944d7739d5d429f264709345fe481c1e602be8","url":"https://api.github.com/repos/ThiagoCodecov/example-python/git/trees/dd944d7739d5d429f264709345fe481c1e602be8"},"url":"https://api.github.com/repos/ThiagoCodecov/example-python/git/commits/c2a05aa15ecad5bec37e29b9fe51ef30120f8642","comment_count":0,"verification":{"verified":false,"reason":"unsigned","signature":null,"payload":null}},"url":"https://api.github.com/repos/ThiagoCodecov/example-python/commits/c2a05aa15ecad5bec37e29b9fe51ef30120f8642","html_url":"https://github.com/ThiagoCodecov/example-python/commit/c2a05aa15ecad5bec37e29b9fe51ef30120f8642","comments_url":"https://api.github.com/repos/ThiagoCodecov/example-python/commits/c2a05aa15ecad5bec37e29b9fe51ef30120f8642/comments","author":{"login":"ThiagoCodecov","id":44376991,"node_id":"MDQ6VXNlcjQ0Mzc2OTkx","avatar_url":"https://avatars.githubusercontent.com/u/44376991?v=4","gravatar_id":"","url":"https://api.github.com/users/ThiagoCodecov","html_url":"https://github.com/ThiagoCodecov","followers_url":"https://api.github.com/users/ThiagoCodecov/followers","following_url":"https://api.github.com/users/ThiagoCodecov/following{/other_user}","gists_url":"https://api.github.com/users/ThiagoCodecov/gists{/gist_id}","starred_url":"https://api.github.com/users/ThiagoCodecov/starred{/owner}{/repo}","subscriptions_url":"https://api.github.com/users/ThiagoCodecov/subscriptions","organizations_url":"https://api.github.com/users/ThiagoCodecov/orgs","repos_url":"https://api.github.com/users/ThiagoCodecov/repos","events_url":"https://api.github.com/users/ThiagoCodecov/events{/privacy}","received_events_url":"https://api.github.com/users/ThiagoCodecov/received_events","type":"User","site_admin":false},"committer":{"login":"ThiagoCodecov","id":44376991,"node_id":"MDQ6VXNlcjQ0Mzc2OTkx","avatar_url":"https://avatars.githubusercontent.com/u/44376991?v=4","gravatar_id":"","url":"https://api.github.com/users/ThiagoCodecov","html_url":"https://github.com/ThiagoCodecov","followers_url":"https://api.github.com/users/ThiagoCodecov/followers","following_url":"https://api.github.com/users/ThiagoCodecov/following{/other_user}","gists_url":"https://api.github.com/users/ThiagoCodecov/gists{/gist_id}","starred_url":"https://api.github.com/users/ThiagoCodecov/starred{/owner}{/repo}","subscriptions_url":"https://api.github.com/users/ThiagoCodecov/subscriptions","organizations_url":"https://api.github.com/users/ThiagoCodecov/orgs","repos_url":"https://api.github.com/users/ThiagoCodecov/repos","events_url":"https://api.github.com/users/ThiagoCodecov/events{/privacy}","received_events_url":"https://api.github.com/users/ThiagoCodecov/received_events","type":"User","site_admin":false},"parents":[{"sha":"e022f588e40269f8ab1c568080dc4a7662ff2335","url":"https://api.github.com/repos/ThiagoCodecov/example-python/commits/e022f588e40269f8ab1c568080dc4a7662ff2335","html_url":"https://github.com/ThiagoCodecov/example-python/commit/e022f588e40269f8ab1c568080dc4a7662ff2335"}]},{"sha":"2e2600aa09525e2e1e1d98b09de61454d29c94bb","node_id":"MDY6Q29tbWl0MTU2NjE3Nzc3OjJlMjYwMGFhMDk1MjVlMmUxZTFkOThiMDlkZTYxNDU0ZDI5Yzk0YmI=","commit":{"author":{"name":"Thiago
      Ramos","email":"thiago@codecov.io","date":"2019-12-09T12:17:49Z"},"committer":{"name":"Thiago
      Ramos","email":"thiago@codecov.io","date":"2019-12-09T12:17:49Z"},"message":"AE0A9904-3B05-405A-B8F7-A5DD3B38C92D","tree":{"sha":"f64d89541a0899881da6764081991e70ed43bfea","url":"https://api.github.com/repos/ThiagoCodecov/example-python/git/trees/f64d89541a0899881da6764081991e70ed43bfea"},"url":"https://api.github.com/repos/ThiagoCodecov/example-python/git/commits/2e2600aa09525e2e1e1d98b09de61454d29c94bb","comment_count":0,"verification":{"verified":false,"reason":"unsigned","signature":null,"payload":null}},"url":"https://api.github.com/repos/ThiagoCodecov/example-python/commits/2e2600aa09525e2e1e1d98b09de61454d29c94bb","html_url":"https://github.com/ThiagoCodecov/example-python/commit/2e2600aa09525e2e1e1d98b09de61454d29c94bb","comments_url":"https://api.github.com/repos/ThiagoCodecov/example-python/commits/2e2600aa09525e2e1e1d98b09de61454d29c94bb/comments","author":{"login":"ThiagoCodecov","id":44376991,"node_id":"MDQ6VXNlcjQ0Mzc2OTkx","avatar_url":"https://avatars.githubusercontent.com/u/44376991?v=4","gravatar_id":"","url":"https://api.github.com/users/ThiagoCodecov","html_url":"https://github.com/ThiagoCodecov","followers_url":"https://api.github.com/users/ThiagoCodecov/followers","following_url":"https://api.github.com/users/ThiagoCodecov/following{/other_user}","gists_url":"https://api.github.com/users/ThiagoCodecov/gists{/gist_id}","starred_url":"https://api.github.com/users/ThiagoCodecov/starred{/owner}{/repo}","subscriptions_url":"https://api.github.com/users/ThiagoCodecov/subscriptions","organizations_url":"https://api.github.com/users/ThiagoCodecov/orgs","repos_url":"https://api.github.com/users/ThiagoCodecov/repos","events_url":"https://api.github.com/users/ThiagoCodecov/events{/privacy}","received_events_url":"https://api.github.com/users/ThiagoCodecov/received_events","type":"User","site_admin":false},"committer":{"login":"ThiagoCodecov","id":44376991,"node_id":"MDQ6VXNlcjQ0Mzc2OTkx","avatar_url":"https://avatars.githubusercontent.com/u/44376991?v=4","gravatar_id":"","url":"https://api.github.com/users/ThiagoCodecov","html_url":"https://github.com/ThiagoCodecov","followers_url":"https://api.github.com/users/ThiagoCodecov/followers","following_url":"https://api.github.com/users/ThiagoCodecov/following{/other_user}","gists_url":"https://api.github.com/users/ThiagoCodecov/gists{/gist_id}","starred_url":"https://api.github.com/users/ThiagoCodecov/starred{/owner}{/repo}","subscriptions_url":"https://api.github.com/users/ThiagoCodecov/subscriptions","organizations_url":"https://api.github.com/users/ThiagoCodecov/orgs","repos_url":"https://api.github.com/users/ThiagoCodecov/repos","events_url":"https://api.github.com/users/ThiagoCodecov/events{/privacy}","received_events_url":"https://api.github.com/users/ThiagoCodecov/received_events","type":"User","site_admin":false},"parents":[{"sha":"c2a05aa15ecad5bec37e29b9fe51ef30120f8642","url":"https://api.github.com/repos/ThiagoCodecov/example-python/commits/c2a05aa15ecad5bec37e29b9fe51ef30120f8642","html_url":"https://github.com/ThiagoCodecov/example-python/commit/c2a05aa15ecad5bec37e29b9fe51ef30120f8642"}]}],"files":[{"sha":"657d4c0ca181f2df83261d3ab1922d6ec47ece1e","filename":"README.md","status":"modified","additions":8,"deletions":0,"changes":8,"blob_url":"https://github.com/ThiagoCodecov/example-python/blob/2e2600aa09525e2e1e1d98b09de61454d29c94bb/README.md","raw_url":"https://github.com/ThiagoCodecov/example-python/raw/2e2600aa09525e2e1e1d98b09de61454d29c94bb/README.md","contents_url":"https://api.github.com/repos/ThiagoCodecov/example-python/contents/README.md?ref=2e2600aa09525e2e1e1d98b09de61454d29c94bb","patch":"@@
      -1 +1,9 @@\n Now this\n+\n+\n+\n+80EC0808-DD33-42DF-8873-B2A605A82432\n+63FE7DEF-8367-47BD-B864-D86DE9F94358\n+69E76A1D-FD86-4A90-A6CE-6A66BEEE75CA\n+81905186-E567-4E4E-A5CB-3E5BFB820E57\n+AE0A9904-3B05-405A-B8F7-A5DD3B38C92D"}]}'
    headers:
      Access-Control-Allow-Origin:
      - '*'
      Access-Control-Expose-Headers:
      - ETag, Link, Location, Retry-After, X-GitHub-OTP, X-RateLimit-Limit, X-RateLimit-Remaining,
        X-RateLimit-Used, X-RateLimit-Resource, X-RateLimit-Reset, X-OAuth-Scopes,
        X-Accepted-OAuth-Scopes, X-Poll-Interval, X-GitHub-Media-Type, X-GitHub-SSO,
        X-GitHub-Request-Id, Deprecation, Sunset
      Cache-Control:
      - private, max-age=60, s-maxage=60
      Content-Encoding:
      - gzip
      Content-Security-Policy:
      - default-src 'none'
      Content-Type:
      - application/json; charset=utf-8
      Date:
      - Wed, 16 Mar 2022 17:44:08 GMT
      ETag:
      - W/"08ab477429ee039b54be11e41e8f9cd8f35e3d9d10b48fce439ddc60be77c167"
      Last-Modified:
      - Tue, 31 Dec 2019 03:23:55 GMT
      Referrer-Policy:
      - origin-when-cross-origin, strict-origin-when-cross-origin
      Server:
      - GitHub.com
      Strict-Transport-Security:
      - max-age=31536000; includeSubdomains; preload
      Transfer-Encoding:
      - chunked
      Vary:
      - Accept, Authorization, Cookie, X-GitHub-OTP
      - Accept-Encoding, Accept, X-Requested-With
      X-Accepted-OAuth-Scopes:
      - ''
      X-Content-Type-Options:
      - nosniff
      X-Frame-Options:
      - deny
      X-GitHub-Media-Type:
      - github.v3
      X-GitHub-Request-Id:
      - C646:267B:2392731:243022B:623221E7
      X-OAuth-Scopes:
      - public_repo
      X-RateLimit-Limit:
      - '5000'
      X-RateLimit-Remaining:
      - '4999'
      X-RateLimit-Reset:
      - '1647456248'
      X-RateLimit-Resource:
      - core
      X-RateLimit-Used:
      - '1'
      X-XSS-Protection:
      - '0'
      github-authentication-token-expiration:
      - 2022-03-17 03:00:00 UTC
    http_version: HTTP/1.1
    status_code: 200
- request:
    body: '{"body": "## [Codecov](https://app.codecov.io/gh/ThiagoCodecov/example-python/pull/15?src=pr&el=h1&utm_medium=referral&utm_source=github&utm_content=comment&utm_campaign=pr+comments&utm_term=Vernon+Cooper)
      Report\nPatch coverage has no change and project coverage change: **`+10.00%`**
      :tada:\n> Comparison is base [(`4535be1`)](https://app.codecov.io/gh/ThiagoCodecov/example-python/commit/4535be18e90467d6d9a99c0ce651becec7f7eba6?el=desc&utm_medium=referral&utm_source=github&utm_content=comment&utm_campaign=pr+comments&utm_term=Vernon+Cooper)
      50.00% compared to head [(`2e2600a`)](https://app.codecov.io/gh/ThiagoCodecov/example-python/commit/2e2600aa09525e2e1e1d98b09de61454d29c94bb?el=desc&utm_medium=referral&utm_source=github&utm_content=comment&utm_campaign=pr+comments&utm_term=Vernon+Cooper)
      60.00%.\n\n:exclamation: Your organization is not using the GitHub App Integration.
      As a result you may experience degraded service beginning May 15th. Please [install
      the GitHub App Integration](https://github.com/apps/codecov) for your organization.
      [Read more](https://about.codecov.io/blog/codecov-is-updating-its-github-integration/?utm_medium=referral&utm_source=github&utm_content=comment&utm_campaign=pr+comments&utm_term=Vernon+Cooper).\n\n<details><summary>Additional
      details and impacted files</summary>\n\n\n[![Impacted file tree graph](https://app.codecov.io/gh/ThiagoCodecov/example-python/pull/15/graphs/tree.svg?width=650&height=150&src=pr&token=abcdefghij&utm_medium=referral&utm_source=github&utm_content=comment&utm_campaign=pr+comments&utm_term=Vernon+Cooper)](https://app.codecov.io/gh/ThiagoCodecov/example-python/pull/15?src=pr&el=tree&utm_medium=referral&utm_source=github&utm_content=comment&utm_campaign=pr+comments&utm_term=Vernon+Cooper)\n\n```diff\n@@              Coverage
      Diff              @@\n##             master      #15       +/-   ##\n=============================================\n+
      Coverage     50.00%   60.00%   +10.00%     \n+ Complexity       11       10        -1     \n=============================================\n  Files             2        2               \n  Lines             6       10        +4     \n  Branches          0        1        +1     \n=============================================\n+
      Hits              3        6        +3     \n  Misses            3        3               \n-
      Partials          0        1        +1     \n```\n\n| Flag | Coverage \u0394
      | Complexity \u0394 | |\n|---|---|---|---|\n| integration | `?` | `?` | |\n|
      unit | `100.00% <\u00f8> (?)` | `0.00 <\u00f8> (?)` | |\n\nFlags with carried
      forward coverage won''t be shown. [Click here](https://docs.codecov.io/docs/carryforward-flags?utm_medium=referral&utm_source=github&utm_content=comment&utm_campaign=pr+comments&utm_term=Vernon+Cooper#carryforward-flags-in-the-pull-request-comment)
      to find out more.\n\n[see 2 files with indirect coverage changes](https://app.codecov.io/gh/ThiagoCodecov/example-python/pull/15/indirect-changes?src=pr&el=tree-more&utm_medium=referral&utm_source=github&utm_content=comment&utm_campaign=pr+comments&utm_term=Vernon+Cooper)\n\n</details>\n\n[:umbrella:
      View full report in Codecov by Sentry](https://app.codecov.io/gh/ThiagoCodecov/example-python/pull/15?src=pr&el=continue&utm_medium=referral&utm_source=github&utm_content=comment&utm_campaign=pr+comments&utm_term=Vernon+Cooper).   \n:loudspeaker:
      Have feedback on the report? [Share it here](https://about.codecov.io/codecov-pr-comment-feedback/?utm_medium=referral&utm_source=github&utm_content=comment&utm_campaign=pr+comments&utm_term=Vernon+Cooper).\n"}'
    headers:
      accept:
      - application/json
      accept-encoding:
      - gzip, deflate
      connection:
      - keep-alive
      content-length:
      - '3553'
      content-type:
      - application/json
      host:
      - api.github.com
      user-agent:
      - Default
    method: POST
    uri: https://api.github.com/repos/ThiagoCodecov/example-python/issues/15/comments
  response:
    content: "{\"url\":\"https://api.github.com/repos/ThiagoCodecov/example-python/issues/comments/1620423805\"\
      ,\"html_url\":\"https://github.com/ThiagoCodecov/example-python/pull/15#issuecomment-1620423805\"\
      ,\"issue_url\":\"https://api.github.com/repos/ThiagoCodecov/example-python/issues/15\"\
      ,\"id\":1620423805,\"node_id\":\"IC_kwDOCVXMMc5glbR9\",\"user\":{\"login\":\"\
      joseph-sentry\",\"id\":136376984,\"node_id\":\"U_kgDOCCDymA\",\"avatar_url\"\
      :\"https://avatars.githubusercontent.com/u/136376984?v=4\",\"gravatar_id\":\"\
      \",\"url\":\"https://api.github.com/users/joseph-sentry\",\"html_url\":\"https://github.com/joseph-sentry\"\
      ,\"followers_url\":\"https://api.github.com/users/joseph-sentry/followers\"\
      ,\"following_url\":\"https://api.github.com/users/joseph-sentry/following{/other_user}\"\
      ,\"gists_url\":\"https://api.github.com/users/joseph-sentry/gists{/gist_id}\"\
      ,\"starred_url\":\"https://api.github.com/users/joseph-sentry/starred{/owner}{/repo}\"\
      ,\"subscriptions_url\":\"https://api.github.com/users/joseph-sentry/subscriptions\"\
      ,\"organizations_url\":\"https://api.github.com/users/joseph-sentry/orgs\",\"\
      repos_url\":\"https://api.github.com/users/joseph-sentry/repos\",\"events_url\"\
      :\"https://api.github.com/users/joseph-sentry/events{/privacy}\",\"received_events_url\"\
      :\"https://api.github.com/users/joseph-sentry/received_events\",\"type\":\"\
      User\",\"site_admin\":false},\"created_at\":\"2023-07-04T15:10:22Z\",\"updated_at\"\
      :\"2023-07-04T15:10:22Z\",\"author_association\":\"NONE\",\"body\":\"## [Codecov](https://app.codecov.io/gh/ThiagoCodecov/example-python/pull/15?src=pr&el=h1&utm_medium=referral&utm_source=github&utm_content=comment&utm_campaign=pr+comments&utm_term=Vernon+Cooper)\
      \ Report\\nPatch coverage has no change and project coverage change: **`+10.00%`**\
      \ :tada:\\n> Comparison is base [(`4535be1`)](https://app.codecov.io/gh/ThiagoCodecov/example-python/commit/4535be18e90467d6d9a99c0ce651becec7f7eba6?el=desc&utm_medium=referral&utm_source=github&utm_content=comment&utm_campaign=pr+comments&utm_term=Vernon+Cooper)\
      \ 50.00% compared to head [(`2e2600a`)](https://app.codecov.io/gh/ThiagoCodecov/example-python/commit/2e2600aa09525e2e1e1d98b09de61454d29c94bb?el=desc&utm_medium=referral&utm_source=github&utm_content=comment&utm_campaign=pr+comments&utm_term=Vernon+Cooper)\
      \ 60.00%.\\n\\n:exclamation: Your organization is not using the GitHub App Integration.\
      \ As a result you may experience degraded service beginning May 15th. Please\
      \ [install the GitHub App Integration](https://github.com/apps/codecov) for\
      \ your organization. [Read more](https://about.codecov.io/blog/codecov-is-updating-its-github-integration/?utm_medium=referral&utm_source=github&utm_content=comment&utm_campaign=pr+comments&utm_term=Vernon+Cooper).\\\
      n\\n<details><summary>Additional details and impacted files</summary>\\n\\n\\\
      n[![Impacted file tree graph](https://app.codecov.io/gh/ThiagoCodecov/example-python/pull/15/graphs/tree.svg?width=650&height=150&src=pr&token=abcdefghij&utm_medium=referral&utm_source=github&utm_content=comment&utm_campaign=pr+comments&utm_term=Vernon+Cooper)](https://app.codecov.io/gh/ThiagoCodecov/example-python/pull/15?src=pr&el=tree&utm_medium=referral&utm_source=github&utm_content=comment&utm_campaign=pr+comments&utm_term=Vernon+Cooper)\\\
      n\\n```diff\\n@@              Coverage Diff              @@\\n##           \
      \  master      #15       +/-   ##\\n=============================================\\\
      n+ Coverage     50.00%   60.00%   +10.00%     \\n+ Complexity       11     \
      \  10        -1     \\n=============================================\\n  Files\
      \             2        2               \\n  Lines             6       10   \
      \     +4     \\n  Branches          0        1        +1     \\n=============================================\\\
      n+ Hits              3        6        +3     \\n  Misses            3     \
      \   3               \\n- Partials          0        1        +1     \\n```\\\
      n\\n| Flag | Coverage \u0394 | Complexity \u0394 | |\\n|---|---|---|---|\\n|\
      \ integration | `?` | `?` | |\\n| unit | `100.00% <\xF8> (?)` | `0.00 <\xF8\
      > (?)` | |\\n\\nFlags with carried forward coverage won't be shown. [Click here](https://docs.codecov.io/docs/carryforward-flags?utm_medium=referral&utm_source=github&utm_content=comment&utm_campaign=pr+comments&utm_term=Vernon+Cooper#carryforward-flags-in-the-pull-request-comment)\
      \ to find out more.\\n\\n[see 2 files with indirect coverage changes](https://app.codecov.io/gh/ThiagoCodecov/example-python/pull/15/indirect-changes?src=pr&el=tree-more&utm_medium=referral&utm_source=github&utm_content=comment&utm_campaign=pr+comments&utm_term=Vernon+Cooper)\\\
      n\\n</details>\\n\\n[:umbrella: View full report in Codecov by Sentry](https://app.codecov.io/gh/ThiagoCodecov/example-python/pull/15?src=pr&el=continue&utm_medium=referral&utm_source=github&utm_content=comment&utm_campaign=pr+comments&utm_term=Vernon+Cooper).\
      \   \\n:loudspeaker: Have feedback on the report? [Share it here](https://about.codecov.io/codecov-pr-comment-feedback/?utm_medium=referral&utm_source=github&utm_content=comment&utm_campaign=pr+comments&utm_term=Vernon+Cooper).\\\
      n\",\"reactions\":{\"url\":\"https://api.github.com/repos/ThiagoCodecov/example-python/issues/comments/1620423805/reactions\"\
      ,\"total_count\":0,\"+1\":0,\"-1\":0,\"laugh\":0,\"hooray\":0,\"confused\":0,\"\
      heart\":0,\"rocket\":0,\"eyes\":0},\"performed_via_github_app\":null}"
    headers:
      Access-Control-Allow-Origin:
      - '*'
      Access-Control-Expose-Headers:
      - ETag, Link, Location, Retry-After, X-GitHub-OTP, X-RateLimit-Limit, X-RateLimit-Remaining,
        X-RateLimit-Used, X-RateLimit-Resource, X-RateLimit-Reset, X-OAuth-Scopes,
        X-Accepted-OAuth-Scopes, X-Poll-Interval, X-GitHub-Media-Type, X-GitHub-SSO,
        X-GitHub-Request-Id, Deprecation, Sunset
      Cache-Control:
      - private, max-age=60, s-maxage=60
      Content-Length:
      - '5164'
      Content-Security-Policy:
      - default-src 'none'
      Content-Type:
      - application/json; charset=utf-8
      Date:
      - Tue, 04 Jul 2023 15:10:23 GMT
      ETag:
      - '"d914e81787c93a02fb56a26985bd567b55e4e586cac7b137e25c96d35143464c"'
      Location:
      - https://api.github.com/repos/ThiagoCodecov/example-python/issues/comments/1620423805
      Referrer-Policy:
      - origin-when-cross-origin, strict-origin-when-cross-origin
      Server:
      - GitHub.com
      Strict-Transport-Security:
      - max-age=31536000; includeSubdomains; preload
      Vary:
      - Accept, Authorization, Cookie, X-GitHub-OTP
      - Accept-Encoding, Accept, X-Requested-With
      X-Accepted-OAuth-Scopes:
      - ''
      X-Content-Type-Options:
      - nosniff
      X-Frame-Options:
      - deny
      X-GitHub-Media-Type:
      - github.v3
      X-GitHub-Request-Id:
      - D49F:7F4F:123714A:24DC770:64A4365E
      X-OAuth-Scopes:
      - repo
      X-RateLimit-Limit:
      - '5000'
      X-RateLimit-Remaining:
      - '4992'
      X-RateLimit-Reset:
      - '1688485927'
      X-RateLimit-Resource:
      - core
      X-RateLimit-Used:
      - '8'
      X-XSS-Protection:
      - '0'
      github-authentication-token-expiration:
      - 2023-07-11 14:51:11 UTC
      x-github-api-version-selected:
      - '2022-11-28'
    http_version: HTTP/1.1
    status_code: 201
- request:
    body: ''
    headers:
      accept:
      - application/json
      accept-encoding:
      - gzip, deflate
      connection:
      - keep-alive
      host:
      - api.github.com
      user-agent:
      - Default
    method: GET
    uri: https://api.github.com/repos/ThiagoCodecov/example-python/branches?per_page=100&page=1
  response:
    content: '[{"name":"master","commit":{"sha":"93189ce50f224296d6412e2884b93dcc3c7c8654","url":"https://api.github.com/repos/ThiagoCodecov/example-python/commits/93189ce50f224296d6412e2884b93dcc3c7c8654"},"protected":false},{"name":"random-branch","commit":{"sha":"b12b8ba6046c1738c5c89325b8a63a6f51bc4ff6","url":"https://api.github.com/repos/ThiagoCodecov/example-python/commits/b12b8ba6046c1738c5c89325b8a63a6f51bc4ff6"},"protected":false},{"name":"thiago/base-no-base","commit":{"sha":"620b8042c2f846fcc6dda1c732dedd15cdbe76db","url":"https://api.github.com/repos/ThiagoCodecov/example-python/commits/620b8042c2f846fcc6dda1c732dedd15cdbe76db"},"protected":false},{"name":"thiago/f/big-pt","commit":{"sha":"d55dc4ef748fd11537e50c9abed4ab1864fa1d94","url":"https://api.github.com/repos/ThiagoCodecov/example-python/commits/d55dc4ef748fd11537e50c9abed4ab1864fa1d94"},"protected":false},{"name":"thiago/f/cool-branch","commit":{"sha":"89f3d20f2be3fb2d098e544814f8ce3636dc78c4","url":"https://api.github.com/repos/ThiagoCodecov/example-python/commits/89f3d20f2be3fb2d098e544814f8ce3636dc78c4"},"protected":false},{"name":"thiago/f/something","commit":{"sha":"c9fb9262268f11b53c6b0682d4f9acac89bdeee5","url":"https://api.github.com/repos/ThiagoCodecov/example-python/commits/c9fb9262268f11b53c6b0682d4f9acac89bdeee5"},"protected":false},{"name":"thiago/test-1","commit":{"sha":"2e2600aa09525e2e1e1d98b09de61454d29c94bb","url":"https://api.github.com/repos/ThiagoCodecov/example-python/commits/2e2600aa09525e2e1e1d98b09de61454d29c94bb"},"protected":false}]'
    headers:
      Access-Control-Allow-Origin:
      - '*'
      Access-Control-Expose-Headers:
      - ETag, Link, Location, Retry-After, X-GitHub-OTP, X-RateLimit-Limit, X-RateLimit-Remaining,
        X-RateLimit-Used, X-RateLimit-Resource, X-RateLimit-Reset, X-OAuth-Scopes,
        X-Accepted-OAuth-Scopes, X-Poll-Interval, X-GitHub-Media-Type, X-GitHub-SSO,
        X-GitHub-Request-Id, Deprecation, Sunset
      Cache-Control:
      - private, max-age=60, s-maxage=60
      Content-Encoding:
      - gzip
      Content-Security-Policy:
      - default-src 'none'
      Content-Type:
      - application/json; charset=utf-8
      Date:
      - Mon, 03 Jul 2023 04:34:08 GMT
      ETag:
      - W/"dab6303e47e5d12f9bb596bcb1e3fd8a7e482a11e1e543c0b1e05e279ea55fe3"
      Referrer-Policy:
      - origin-when-cross-origin, strict-origin-when-cross-origin
      Server:
      - GitHub.com
      Strict-Transport-Security:
      - max-age=31536000; includeSubdomains; preload
      Transfer-Encoding:
      - chunked
      Vary:
      - Accept, Authorization, Cookie, X-GitHub-OTP
      - Accept-Encoding, Accept, X-Requested-With
      X-Accepted-OAuth-Scopes:
      - ''
      X-Content-Type-Options:
      - nosniff
      X-Frame-Options:
      - deny
      X-GitHub-Media-Type:
      - github.v3
      X-GitHub-Request-Id:
      - C4D7:5028:3DC84CA:7E41E48:64A24FC0
      X-OAuth-Scopes:
      - repo
      X-RateLimit-Limit:
      - '5000'
      X-RateLimit-Remaining:
      - '4995'
      X-RateLimit-Reset:
      - '1688361672'
      X-RateLimit-Resource:
      - core
      X-RateLimit-Used:
      - '5'
      X-XSS-Protection:
      - '0'
      github-authentication-token-expiration:
      - 2023-08-02 04:17:36 UTC
      x-github-api-version-selected:
      - '2022-11-28'
    http_version: HTTP/1.1
    status_code: 200
- request:
    body: ''
    headers:
      accept:
      - application/json
      accept-encoding:
      - gzip, deflate
      connection:
      - keep-alive
      host:
      - api.github.com
      user-agent:
      - Default
    method: GET
    uri: https://api.github.com/repos/ThiagoCodecov/example-python/compare/93189ce50f224296d6412e2884b93dcc3c7c8654...4535be18e90467d6d9a99c0ce651becec7f7eba6
  response:
    content: '{"url":"https://api.github.com/repos/ThiagoCodecov/example-python/compare/93189ce50f224296d6412e2884b93dcc3c7c8654...4535be18e90467d6d9a99c0ce651becec7f7eba6","html_url":"https://github.com/ThiagoCodecov/example-python/compare/93189ce50f224296d6412e2884b93dcc3c7c8654...4535be18e90467d6d9a99c0ce651becec7f7eba6","permalink_url":"https://github.com/ThiagoCodecov/example-python/compare/ThiagoCodecov:93189ce...ThiagoCodecov:4535be1","diff_url":"https://github.com/ThiagoCodecov/example-python/compare/93189ce50f224296d6412e2884b93dcc3c7c8654...4535be18e90467d6d9a99c0ce651becec7f7eba6.diff","patch_url":"https://github.com/ThiagoCodecov/example-python/compare/93189ce50f224296d6412e2884b93dcc3c7c8654...4535be18e90467d6d9a99c0ce651becec7f7eba6.patch","base_commit":{"sha":"93189ce50f224296d6412e2884b93dcc3c7c8654","node_id":"MDY6Q29tbWl0MTU2NjE3Nzc3OjkzMTg5Y2U1MGYyMjQyOTZkNjQxMmUyODg0YjkzZGNjM2M3Yzg2NTQ=","commit":{"author":{"name":"Thiago
      Ramos","email":"thiago@codecov.io","date":"2020-12-04T04:21:18Z"},"committer":{"name":"Thiago
      Ramos","email":"thiago@codecov.io","date":"2020-12-04T04:21:18Z"},"message":"Adding
      some encoding","tree":{"sha":"966e4dc888b0828c5dea75f21e82eb2daa9a4485","url":"https://api.github.com/repos/ThiagoCodecov/example-python/git/trees/966e4dc888b0828c5dea75f21e82eb2daa9a4485"},"url":"https://api.github.com/repos/ThiagoCodecov/example-python/git/commits/93189ce50f224296d6412e2884b93dcc3c7c8654","comment_count":0,"verification":{"verified":false,"reason":"unsigned","signature":null,"payload":null}},"url":"https://api.github.com/repos/ThiagoCodecov/example-python/commits/93189ce50f224296d6412e2884b93dcc3c7c8654","html_url":"https://github.com/ThiagoCodecov/example-python/commit/93189ce50f224296d6412e2884b93dcc3c7c8654","comments_url":"https://api.github.com/repos/ThiagoCodecov/example-python/commits/93189ce50f224296d6412e2884b93dcc3c7c8654/comments","author":{"login":"ThiagoCodecov","id":44376991,"node_id":"MDQ6VXNlcjQ0Mzc2OTkx","avatar_url":"https://avatars.githubusercontent.com/u/44376991?v=4","gravatar_id":"","url":"https://api.github.com/users/ThiagoCodecov","html_url":"https://github.com/ThiagoCodecov","followers_url":"https://api.github.com/users/ThiagoCodecov/followers","following_url":"https://api.github.com/users/ThiagoCodecov/following{/other_user}","gists_url":"https://api.github.com/users/ThiagoCodecov/gists{/gist_id}","starred_url":"https://api.github.com/users/ThiagoCodecov/starred{/owner}{/repo}","subscriptions_url":"https://api.github.com/users/ThiagoCodecov/subscriptions","organizations_url":"https://api.github.com/users/ThiagoCodecov/orgs","repos_url":"https://api.github.com/users/ThiagoCodecov/repos","events_url":"https://api.github.com/users/ThiagoCodecov/events{/privacy}","received_events_url":"https://api.github.com/users/ThiagoCodecov/received_events","type":"User","site_admin":false},"committer":{"login":"ThiagoCodecov","id":44376991,"node_id":"MDQ6VXNlcjQ0Mzc2OTkx","avatar_url":"https://avatars.githubusercontent.com/u/44376991?v=4","gravatar_id":"","url":"https://api.github.com/users/ThiagoCodecov","html_url":"https://github.com/ThiagoCodecov","followers_url":"https://api.github.com/users/ThiagoCodecov/followers","following_url":"https://api.github.com/users/ThiagoCodecov/following{/other_user}","gists_url":"https://api.github.com/users/ThiagoCodecov/gists{/gist_id}","starred_url":"https://api.github.com/users/ThiagoCodecov/starred{/owner}{/repo}","subscriptions_url":"https://api.github.com/users/ThiagoCodecov/subscriptions","organizations_url":"https://api.github.com/users/ThiagoCodecov/orgs","repos_url":"https://api.github.com/users/ThiagoCodecov/repos","events_url":"https://api.github.com/users/ThiagoCodecov/events{/privacy}","received_events_url":"https://api.github.com/users/ThiagoCodecov/received_events","type":"User","site_admin":false},"parents":[{"sha":"6f87a6bba8b0151bb78064a0dba9fa4f13b76a67","url":"https://api.github.com/repos/ThiagoCodecov/example-python/commits/6f87a6bba8b0151bb78064a0dba9fa4f13b76a67","html_url":"https://github.com/ThiagoCodecov/example-python/commit/6f87a6bba8b0151bb78064a0dba9fa4f13b76a67"}]},"merge_base_commit":{"sha":"4535be18e90467d6d9a99c0ce651becec7f7eba6","node_id":"MDY6Q29tbWl0MTU2NjE3Nzc3OjQ1MzViZTE4ZTkwNDY3ZDZkOWE5OWMwY2U2NTFiZWNlYzdmN2ViYTY=","commit":{"author":{"name":"Thiago
      Ramos","email":"thiago@codecov.io","date":"2019-12-31T03:23:55Z"},"committer":{"name":"Thiago
      Ramos","email":"thiago@codecov.io","date":"2019-12-31T03:23:55Z"},"message":"20EE4D09-F49E-474B-B7AF-4E4916EF82FA","tree":{"sha":"7da71bf52d31d24403d4208835b5d1333ba54695","url":"https://api.github.com/repos/ThiagoCodecov/example-python/git/trees/7da71bf52d31d24403d4208835b5d1333ba54695"},"url":"https://api.github.com/repos/ThiagoCodecov/example-python/git/commits/4535be18e90467d6d9a99c0ce651becec7f7eba6","comment_count":0,"verification":{"verified":false,"reason":"unsigned","signature":null,"payload":null}},"url":"https://api.github.com/repos/ThiagoCodecov/example-python/commits/4535be18e90467d6d9a99c0ce651becec7f7eba6","html_url":"https://github.com/ThiagoCodecov/example-python/commit/4535be18e90467d6d9a99c0ce651becec7f7eba6","comments_url":"https://api.github.com/repos/ThiagoCodecov/example-python/commits/4535be18e90467d6d9a99c0ce651becec7f7eba6/comments","author":{"login":"ThiagoCodecov","id":44376991,"node_id":"MDQ6VXNlcjQ0Mzc2OTkx","avatar_url":"https://avatars.githubusercontent.com/u/44376991?v=4","gravatar_id":"","url":"https://api.github.com/users/ThiagoCodecov","html_url":"https://github.com/ThiagoCodecov","followers_url":"https://api.github.com/users/ThiagoCodecov/followers","following_url":"https://api.github.com/users/ThiagoCodecov/following{/other_user}","gists_url":"https://api.github.com/users/ThiagoCodecov/gists{/gist_id}","starred_url":"https://api.github.com/users/ThiagoCodecov/starred{/owner}{/repo}","subscriptions_url":"https://api.github.com/users/ThiagoCodecov/subscriptions","organizations_url":"https://api.github.com/users/ThiagoCodecov/orgs","repos_url":"https://api.github.com/users/ThiagoCodecov/repos","events_url":"https://api.github.com/users/ThiagoCodecov/events{/privacy}","received_events_url":"https://api.github.com/users/ThiagoCodecov/received_events","type":"User","site_admin":false},"committer":{"login":"ThiagoCodecov","id":44376991,"node_id":"MDQ6VXNlcjQ0Mzc2OTkx","avatar_url":"https://avatars.githubusercontent.com/u/44376991?v=4","gravatar_id":"","url":"https://api.github.com/users/ThiagoCodecov","html_url":"https://github.com/ThiagoCodecov","followers_url":"https://api.github.com/users/ThiagoCodecov/followers","following_url":"https://api.github.com/users/ThiagoCodecov/following{/other_user}","gists_url":"https://api.github.com/users/ThiagoCodecov/gists{/gist_id}","starred_url":"https://api.github.com/users/ThiagoCodecov/starred{/owner}{/repo}","subscriptions_url":"https://api.github.com/users/ThiagoCodecov/subscriptions","organizations_url":"https://api.github.com/users/ThiagoCodecov/orgs","repos_url":"https://api.github.com/users/ThiagoCodecov/repos","events_url":"https://api.github.com/users/ThiagoCodecov/events{/privacy}","received_events_url":"https://api.github.com/users/ThiagoCodecov/received_events","type":"User","site_admin":false},"parents":[{"sha":"66567ec66e07440e3170910df61cf458812323fc","url":"https://api.github.com/repos/ThiagoCodecov/example-python/commits/66567ec66e07440e3170910df61cf458812323fc","html_url":"https://github.com/ThiagoCodecov/example-python/commit/66567ec66e07440e3170910df61cf458812323fc"}]},"status":"behind","ahead_by":0,"behind_by":52,"total_commits":0,"commits":[],"files":[]}'
    headers:
      Access-Control-Allow-Origin:
      - '*'
      Access-Control-Expose-Headers:
      - ETag, Link, Location, Retry-After, X-GitHub-OTP, X-RateLimit-Limit, X-RateLimit-Remaining,
        X-RateLimit-Used, X-RateLimit-Resource, X-RateLimit-Reset, X-OAuth-Scopes,
        X-Accepted-OAuth-Scopes, X-Poll-Interval, X-GitHub-Media-Type, X-GitHub-SSO,
        X-GitHub-Request-Id, Deprecation, Sunset
      Cache-Control:
      - private, max-age=60, s-maxage=60
      Content-Encoding:
      - gzip
      Content-Security-Policy:
      - default-src 'none'
      Content-Type:
      - application/json; charset=utf-8
      Date:
      - Mon, 03 Jul 2023 04:34:09 GMT
      ETag:
      - W/"c625aec9cfb15b0fc585ff2dbcdaeef7a4e39d1881112104a691b9fb0f748c49"
      Referrer-Policy:
      - origin-when-cross-origin, strict-origin-when-cross-origin
      Server:
      - GitHub.com
      Strict-Transport-Security:
      - max-age=31536000; includeSubdomains; preload
      Transfer-Encoding:
      - chunked
      Vary:
      - Accept, Authorization, Cookie, X-GitHub-OTP
      - Accept-Encoding, Accept, X-Requested-With
      X-Accepted-OAuth-Scopes:
      - ''
      X-Content-Type-Options:
      - nosniff
      X-Frame-Options:
      - deny
      X-GitHub-Media-Type:
      - github.v3
      X-GitHub-Request-Id:
      - C4D8:2BE9:3486A51:6BBC360:64A24FC0
      X-OAuth-Scopes:
      - repo
      X-RateLimit-Limit:
      - '5000'
      X-RateLimit-Remaining:
      - '4994'
      X-RateLimit-Reset:
      - '1688361672'
      X-RateLimit-Resource:
      - core
      X-RateLimit-Used:
      - '6'
      X-XSS-Protection:
      - '0'
      github-authentication-token-expiration:
      - 2023-08-02 04:17:36 UTC
      x-github-api-version-selected:
      - '2022-11-28'
    http_version: HTTP/1.1
    status_code: 200
- request:
    body: ''
    headers:
      accept:
      - application/json
      accept-encoding:
      - gzip, deflate
      connection:
      - keep-alive
      host:
      - api.github.com
      user-agent:
      - Default
    method: GET
    uri: https://api.github.com/repos/joseph-sentry/codecov-demo/compare/5b174c2b40d501a70c479e91025d5109b1ad5c1b...5601846871b8142ab0df1e0b8774756c658bcc7d
  response:
    content: '{"url":"https://api.github.com/repos/joseph-sentry/codecov-demo/compare/5b174c2b40d501a70c479e91025d5109b1ad5c1b...5601846871b8142ab0df1e0b8774756c658bcc7d","html_url":"https://github.com/joseph-sentry/codecov-demo/compare/5b174c2b40d501a70c479e91025d5109b1ad5c1b...5601846871b8142ab0df1e0b8774756c658bcc7d","permalink_url":"https://github.com/joseph-sentry/codecov-demo/compare/joseph-sentry:5b174c2...joseph-sentry:5601846","diff_url":"https://github.com/joseph-sentry/codecov-demo/compare/5b174c2b40d501a70c479e91025d5109b1ad5c1b...5601846871b8142ab0df1e0b8774756c658bcc7d.diff","patch_url":"https://github.com/joseph-sentry/codecov-demo/compare/5b174c2b40d501a70c479e91025d5109b1ad5c1b...5601846871b8142ab0df1e0b8774756c658bcc7d.patch","base_commit":{"sha":"5b174c2b40d501a70c479e91025d5109b1ad5c1b","node_id":"C_kwDOJu7MkNoAKDViMTc0YzJiNDBkNTAxYTcwYzQ3OWU5MTAyNWQ1MTA5YjFhZDVjMWI","commit":{"author":{"name":"joseph-sentry","email":"joseph.sawaya@sentry.io","date":"2023-08-14T15:19:08Z"},"committer":{"name":"joseph-sentry","email":"joseph.sawaya@sentry.io","date":"2023-08-14T15:19:08Z"},"message":"make
      change on main","tree":{"sha":"a9d6c66e50012a6d42f3f4c4e6d6de845230e73b","url":"https://api.github.com/repos/joseph-sentry/codecov-demo/git/trees/a9d6c66e50012a6d42f3f4c4e6d6de845230e73b"},"url":"https://api.github.com/repos/joseph-sentry/codecov-demo/git/commits/5b174c2b40d501a70c479e91025d5109b1ad5c1b","comment_count":0,"verification":{"verified":true,"reason":"valid","signature":"-----BEGIN
      SSH SIGNATURE-----\nU1NIU0lHAAAAAQAAADMAAAALc3NoLWVkMjU1MTkAAAAgZAgzn4ZBqwutNsBP2EqViyU9PP\n/bJINxsDu+12+Wr9EAAAADZ2l0AAAAAAAAAAZzaGE1MTIAAABTAAAAC3NzaC1lZDI1NTE5\nAAAAQCSXJE75ylD7PwNrXf6ITnsvh9gIP5b/JASjGlKqB7f37XPt9wLvT2YaV3HcSyTRyt\nCY9zBOZT+tELiyZcpqKwY=\n-----END
      SSH SIGNATURE-----","payload":"tree a9d6c66e50012a6d42f3f4c4e6d6de845230e73b\nparent
      3fe10c352faae434e0cca7c1c5984c1c98000288\nauthor joseph-sentry <joseph.sawaya@sentry.io>
      1692026348 -0400\ncommitter joseph-sentry <joseph.sawaya@sentry.io> 1692026348
      -0400\n\nmake change on main\n"}},"url":"https://api.github.com/repos/joseph-sentry/codecov-demo/commits/5b174c2b40d501a70c479e91025d5109b1ad5c1b","html_url":"https://github.com/joseph-sentry/codecov-demo/commit/5b174c2b40d501a70c479e91025d5109b1ad5c1b","comments_url":"https://api.github.com/repos/joseph-sentry/codecov-demo/commits/5b174c2b40d501a70c479e91025d5109b1ad5c1b/comments","author":{"login":"joseph-sentry","id":136376984,"node_id":"U_kgDOCCDymA","avatar_url":"https://avatars.githubusercontent.com/u/136376984?v=4","gravatar_id":"","url":"https://api.github.com/users/joseph-sentry","html_url":"https://github.com/joseph-sentry","followers_url":"https://api.github.com/users/joseph-sentry/followers","following_url":"https://api.github.com/users/joseph-sentry/following{/other_user}","gists_url":"https://api.github.com/users/joseph-sentry/gists{/gist_id}","starred_url":"https://api.github.com/users/joseph-sentry/starred{/owner}{/repo}","subscriptions_url":"https://api.github.com/users/joseph-sentry/subscriptions","organizations_url":"https://api.github.com/users/joseph-sentry/orgs","repos_url":"https://api.github.com/users/joseph-sentry/repos","events_url":"https://api.github.com/users/joseph-sentry/events{/privacy}","received_events_url":"https://api.github.com/users/joseph-sentry/received_events","type":"User","site_admin":false},"committer":{"login":"joseph-sentry","id":136376984,"node_id":"U_kgDOCCDymA","avatar_url":"https://avatars.githubusercontent.com/u/136376984?v=4","gravatar_id":"","url":"https://api.github.com/users/joseph-sentry","html_url":"https://github.com/joseph-sentry","followers_url":"https://api.github.com/users/joseph-sentry/followers","following_url":"https://api.github.com/users/joseph-sentry/following{/other_user}","gists_url":"https://api.github.com/users/joseph-sentry/gists{/gist_id}","starred_url":"https://api.github.com/users/joseph-sentry/starred{/owner}{/repo}","subscriptions_url":"https://api.github.com/users/joseph-sentry/subscriptions","organizations_url":"https://api.github.com/users/joseph-sentry/orgs","repos_url":"https://api.github.com/users/joseph-sentry/repos","events_url":"https://api.github.com/users/joseph-sentry/events{/privacy}","received_events_url":"https://api.github.com/users/joseph-sentry/received_events","type":"User","site_admin":false},"parents":[{"sha":"3fe10c352faae434e0cca7c1c5984c1c98000288","url":"https://api.github.com/repos/joseph-sentry/codecov-demo/commits/3fe10c352faae434e0cca7c1c5984c1c98000288","html_url":"https://github.com/joseph-sentry/codecov-demo/commit/3fe10c352faae434e0cca7c1c5984c1c98000288"}]},"merge_base_commit":{"sha":"5b174c2b40d501a70c479e91025d5109b1ad5c1b","node_id":"C_kwDOJu7MkNoAKDViMTc0YzJiNDBkNTAxYTcwYzQ3OWU5MTAyNWQ1MTA5YjFhZDVjMWI","commit":{"author":{"name":"joseph-sentry","email":"joseph.sawaya@sentry.io","date":"2023-08-14T15:19:08Z"},"committer":{"name":"joseph-sentry","email":"joseph.sawaya@sentry.io","date":"2023-08-14T15:19:08Z"},"message":"make
      change on main","tree":{"sha":"a9d6c66e50012a6d42f3f4c4e6d6de845230e73b","url":"https://api.github.com/repos/joseph-sentry/codecov-demo/git/trees/a9d6c66e50012a6d42f3f4c4e6d6de845230e73b"},"url":"https://api.github.com/repos/joseph-sentry/codecov-demo/git/commits/5b174c2b40d501a70c479e91025d5109b1ad5c1b","comment_count":0,"verification":{"verified":true,"reason":"valid","signature":"-----BEGIN
      SSH SIGNATURE-----\nU1NIU0lHAAAAAQAAADMAAAALc3NoLWVkMjU1MTkAAAAgZAgzn4ZBqwutNsBP2EqViyU9PP\n/bJINxsDu+12+Wr9EAAAADZ2l0AAAAAAAAAAZzaGE1MTIAAABTAAAAC3NzaC1lZDI1NTE5\nAAAAQCSXJE75ylD7PwNrXf6ITnsvh9gIP5b/JASjGlKqB7f37XPt9wLvT2YaV3HcSyTRyt\nCY9zBOZT+tELiyZcpqKwY=\n-----END
      SSH SIGNATURE-----","payload":"tree a9d6c66e50012a6d42f3f4c4e6d6de845230e73b\nparent
      3fe10c352faae434e0cca7c1c5984c1c98000288\nauthor joseph-sentry <joseph.sawaya@sentry.io>
      1692026348 -0400\ncommitter joseph-sentry <joseph.sawaya@sentry.io> 1692026348
      -0400\n\nmake change on main\n"}},"url":"https://api.github.com/repos/joseph-sentry/codecov-demo/commits/5b174c2b40d501a70c479e91025d5109b1ad5c1b","html_url":"https://github.com/joseph-sentry/codecov-demo/commit/5b174c2b40d501a70c479e91025d5109b1ad5c1b","comments_url":"https://api.github.com/repos/joseph-sentry/codecov-demo/commits/5b174c2b40d501a70c479e91025d5109b1ad5c1b/comments","author":{"login":"joseph-sentry","id":136376984,"node_id":"U_kgDOCCDymA","avatar_url":"https://avatars.githubusercontent.com/u/136376984?v=4","gravatar_id":"","url":"https://api.github.com/users/joseph-sentry","html_url":"https://github.com/joseph-sentry","followers_url":"https://api.github.com/users/joseph-sentry/followers","following_url":"https://api.github.com/users/joseph-sentry/following{/other_user}","gists_url":"https://api.github.com/users/joseph-sentry/gists{/gist_id}","starred_url":"https://api.github.com/users/joseph-sentry/starred{/owner}{/repo}","subscriptions_url":"https://api.github.com/users/joseph-sentry/subscriptions","organizations_url":"https://api.github.com/users/joseph-sentry/orgs","repos_url":"https://api.github.com/users/joseph-sentry/repos","events_url":"https://api.github.com/users/joseph-sentry/events{/privacy}","received_events_url":"https://api.github.com/users/joseph-sentry/received_events","type":"User","site_admin":false},"committer":{"login":"joseph-sentry","id":136376984,"node_id":"U_kgDOCCDymA","avatar_url":"https://avatars.githubusercontent.com/u/136376984?v=4","gravatar_id":"","url":"https://api.github.com/users/joseph-sentry","html_url":"https://github.com/joseph-sentry","followers_url":"https://api.github.com/users/joseph-sentry/followers","following_url":"https://api.github.com/users/joseph-sentry/following{/other_user}","gists_url":"https://api.github.com/users/joseph-sentry/gists{/gist_id}","starred_url":"https://api.github.com/users/joseph-sentry/starred{/owner}{/repo}","subscriptions_url":"https://api.github.com/users/joseph-sentry/subscriptions","organizations_url":"https://api.github.com/users/joseph-sentry/orgs","repos_url":"https://api.github.com/users/joseph-sentry/repos","events_url":"https://api.github.com/users/joseph-sentry/events{/privacy}","received_events_url":"https://api.github.com/users/joseph-sentry/received_events","type":"User","site_admin":false},"parents":[{"sha":"3fe10c352faae434e0cca7c1c5984c1c98000288","url":"https://api.github.com/repos/joseph-sentry/codecov-demo/commits/3fe10c352faae434e0cca7c1c5984c1c98000288","html_url":"https://github.com/joseph-sentry/codecov-demo/commit/3fe10c352faae434e0cca7c1c5984c1c98000288"}]},"status":"ahead","ahead_by":1,"behind_by":0,"total_commits":1,"commits":[{"sha":"5601846871b8142ab0df1e0b8774756c658bcc7d","node_id":"C_kwDOJu7MkNoAKDU2MDE4NDY4NzFiODE0MmFiMGRmMWUwYjg3NzQ3NTZjNjU4YmNjN2Q","commit":{"author":{"name":"joseph-sentry","email":"joseph.sawaya@sentry.io","date":"2023-08-14T15:16:17Z"},"committer":{"name":"joseph-sentry","email":"joseph.sawaya@sentry.io","date":"2023-08-14T15:23:50Z"},"message":"make
      change","tree":{"sha":"3ca6632aeb641e579bea4391294d9ebe55c062c7","url":"https://api.github.com/repos/joseph-sentry/codecov-demo/git/trees/3ca6632aeb641e579bea4391294d9ebe55c062c7"},"url":"https://api.github.com/repos/joseph-sentry/codecov-demo/git/commits/5601846871b8142ab0df1e0b8774756c658bcc7d","comment_count":0,"verification":{"verified":true,"reason":"valid","signature":"-----BEGIN
      SSH SIGNATURE-----\nU1NIU0lHAAAAAQAAADMAAAALc3NoLWVkMjU1MTkAAAAgZAgzn4ZBqwutNsBP2EqViyU9PP\n/bJINxsDu+12+Wr9EAAAADZ2l0AAAAAAAAAAZzaGE1MTIAAABTAAAAC3NzaC1lZDI1NTE5\nAAAAQAmeUxSTgmd3FlcaYtRmVpuCh0n6L0/2Oy7wnsoGF6zjLoBO+aDz22vOG+bywNp4bc\nlmOl+Tu5Jk9woOhH2Olg8=\n-----END
      SSH SIGNATURE-----","payload":"tree 3ca6632aeb641e579bea4391294d9ebe55c062c7\nparent
      5b174c2b40d501a70c479e91025d5109b1ad5c1b\nauthor joseph-sentry <joseph.sawaya@sentry.io>
      1692026177 -0400\ncommitter joseph-sentry <joseph.sawaya@sentry.io> 1692026630
      -0400\n\nmake change\n"}},"url":"https://api.github.com/repos/joseph-sentry/codecov-demo/commits/5601846871b8142ab0df1e0b8774756c658bcc7d","html_url":"https://github.com/joseph-sentry/codecov-demo/commit/5601846871b8142ab0df1e0b8774756c658bcc7d","comments_url":"https://api.github.com/repos/joseph-sentry/codecov-demo/commits/5601846871b8142ab0df1e0b8774756c658bcc7d/comments","author":{"login":"joseph-sentry","id":136376984,"node_id":"U_kgDOCCDymA","avatar_url":"https://avatars.githubusercontent.com/u/136376984?v=4","gravatar_id":"","url":"https://api.github.com/users/joseph-sentry","html_url":"https://github.com/joseph-sentry","followers_url":"https://api.github.com/users/joseph-sentry/followers","following_url":"https://api.github.com/users/joseph-sentry/following{/other_user}","gists_url":"https://api.github.com/users/joseph-sentry/gists{/gist_id}","starred_url":"https://api.github.com/users/joseph-sentry/starred{/owner}{/repo}","subscriptions_url":"https://api.github.com/users/joseph-sentry/subscriptions","organizations_url":"https://api.github.com/users/joseph-sentry/orgs","repos_url":"https://api.github.com/users/joseph-sentry/repos","events_url":"https://api.github.com/users/joseph-sentry/events{/privacy}","received_events_url":"https://api.github.com/users/joseph-sentry/received_events","type":"User","site_admin":false},"committer":{"login":"joseph-sentry","id":136376984,"node_id":"U_kgDOCCDymA","avatar_url":"https://avatars.githubusercontent.com/u/136376984?v=4","gravatar_id":"","url":"https://api.github.com/users/joseph-sentry","html_url":"https://github.com/joseph-sentry","followers_url":"https://api.github.com/users/joseph-sentry/followers","following_url":"https://api.github.com/users/joseph-sentry/following{/other_user}","gists_url":"https://api.github.com/users/joseph-sentry/gists{/gist_id}","starred_url":"https://api.github.com/users/joseph-sentry/starred{/owner}{/repo}","subscriptions_url":"https://api.github.com/users/joseph-sentry/subscriptions","organizations_url":"https://api.github.com/users/joseph-sentry/orgs","repos_url":"https://api.github.com/users/joseph-sentry/repos","events_url":"https://api.github.com/users/joseph-sentry/events{/privacy}","received_events_url":"https://api.github.com/users/joseph-sentry/received_events","type":"User","site_admin":false},"parents":[{"sha":"5b174c2b40d501a70c479e91025d5109b1ad5c1b","url":"https://api.github.com/repos/joseph-sentry/codecov-demo/commits/5b174c2b40d501a70c479e91025d5109b1ad5c1b","html_url":"https://github.com/joseph-sentry/codecov-demo/commit/5b174c2b40d501a70c479e91025d5109b1ad5c1b"}]}],"files":[{"sha":"8664ca881cd0536ab32eac8dfee923a2b304167d","filename":"api/calculator/calculator.py","status":"modified","additions":1,"deletions":3,"changes":4,"blob_url":"https://github.com/joseph-sentry/codecov-demo/blob/5601846871b8142ab0df1e0b8774756c658bcc7d/api%2Fcalculator%2Fcalculator.py","raw_url":"https://github.com/joseph-sentry/codecov-demo/raw/5601846871b8142ab0df1e0b8774756c658bcc7d/api%2Fcalculator%2Fcalculator.py","contents_url":"https://api.github.com/repos/joseph-sentry/codecov-demo/contents/api%2Fcalculator%2Fcalculator.py?ref=5601846871b8142ab0df1e0b8774756c658bcc7d","patch":"@@
      -9,6 +9,4 @@ def multiply(x, y):\n         return x * y\n \n     def divide(x,
      y):\n-        if y == 0:\n-            return ''Cannot divide by 0''\n-        return
      x * 1.0 / y\n\\ No newline at end of file\n+        return x * 1.0 / y"}]}'
    headers:
      Access-Control-Allow-Origin:
      - '*'
      Access-Control-Expose-Headers:
      - ETag, Link, Location, Retry-After, X-GitHub-OTP, X-RateLimit-Limit, X-RateLimit-Remaining,
        X-RateLimit-Used, X-RateLimit-Resource, X-RateLimit-Reset, X-OAuth-Scopes,
        X-Accepted-OAuth-Scopes, X-Poll-Interval, X-GitHub-Media-Type, X-GitHub-SSO,
        X-GitHub-Request-Id, Deprecation, Sunset
      Cache-Control:
      - private, max-age=60, s-maxage=60
      Content-Encoding:
      - gzip
      Content-Security-Policy:
      - default-src 'none'
      Content-Type:
      - application/json; charset=utf-8
      Date:
      - Wed, 30 Aug 2023 18:44:44 GMT
      ETag:
      - W/"3bcbc91ba2aac4e70b8b74075bc06a0b7436e42a61c15cd11f8c28af48d74080"
      Last-Modified:
      - Mon, 14 Aug 2023 15:23:50 GMT
      Referrer-Policy:
      - origin-when-cross-origin, strict-origin-when-cross-origin
      Server:
      - GitHub.com
      Strict-Transport-Security:
      - max-age=31536000; includeSubdomains; preload
      Transfer-Encoding:
      - chunked
      Vary:
      - Accept, Authorization, Cookie, X-GitHub-OTP
      - Accept-Encoding, Accept, X-Requested-With
      X-Accepted-OAuth-Scopes:
      - ''
      X-Content-Type-Options:
      - nosniff
      X-Frame-Options:
      - deny
      X-GitHub-Media-Type:
      - github.v3
      X-GitHub-Request-Id:
      - E72C:7693:10E3C0:22520F:64EF8E1C
      X-OAuth-Scopes:
      - repo
      X-RateLimit-Limit:
      - '5000'
      X-RateLimit-Remaining:
      - '4983'
      X-RateLimit-Reset:
      - '1693424656'
      X-RateLimit-Resource:
      - core
      X-RateLimit-Used:
      - '17'
      X-XSS-Protection:
      - '0'
      github-authentication-token-expiration:
      - 2023-09-29 15:36:05 UTC
      x-github-api-version-selected:
      - '2022-11-28'
    http_version: HTTP/1.1
    status_code: 200
- request:
    body: ''
    headers:
      accept:
      - application/json
      accept-encoding:
      - gzip, deflate
      connection:
      - keep-alive
      host:
      - api.github.com
      user-agent:
      - Default
    method: GET
    uri: https://api.github.com/repos/joseph-sentry/codecov-demo/branches/main
  response:
    content: '{"name":"main","commit":{"sha":"38c2d0214f2a48c9212a140f5311977059a15b35","node_id":"C_kwDOJu7MkNoAKDM4YzJkMDIxNGYyYTQ4YzkyMTJhMTQwZjUzMTE5NzcwNTlhMTViMzU","commit":{"author":{"name":"joseph-sentry","email":"joseph.sawaya@sentry.io","date":"2023-08-18T16:48:10Z"},"committer":{"name":"joseph-sentry","email":"joseph.sawaya@sentry.io","date":"2023-08-18T16:48:10Z"},"message":"make
      change to app\n\nSigned-off-by: joseph-sentry <joseph.sawaya@sentry.io>","tree":{"sha":"9ba2c9dd228af0bbaf34cc8dcac85a1bdeed6043","url":"https://api.github.com/repos/joseph-sentry/codecov-demo/git/trees/9ba2c9dd228af0bbaf34cc8dcac85a1bdeed6043"},"url":"https://api.github.com/repos/joseph-sentry/codecov-demo/git/commits/38c2d0214f2a48c9212a140f5311977059a15b35","comment_count":0,"verification":{"verified":true,"reason":"valid","signature":"-----BEGIN
      SSH SIGNATURE-----\nU1NIU0lHAAAAAQAAADMAAAALc3NoLWVkMjU1MTkAAAAgZAgzn4ZBqwutNsBP2EqViyU9PP\n/bJINxsDu+12+Wr9EAAAADZ2l0AAAAAAAAAAZzaGE1MTIAAABTAAAAC3NzaC1lZDI1NTE5\nAAAAQJe3OYXkY7fA1+RZ130Zrab06lH36l2XC9HMqjHDAW8iCW5VUbvNhOxNpKSokDItdd\nroqDRnazyFj3+oWVCvxgM=\n-----END
      SSH SIGNATURE-----","payload":"tree 9ba2c9dd228af0bbaf34cc8dcac85a1bdeed6043\nparent
      1713006782821e36912c23baa98901c7361ee83c\nauthor joseph-sentry <joseph.sawaya@sentry.io>
      1692377290 -0400\ncommitter joseph-sentry <joseph.sawaya@sentry.io> 1692377290
      -0400\n\nmake change to app\n\nSigned-off-by: joseph-sentry <joseph.sawaya@sentry.io>\n"}},"url":"https://api.github.com/repos/joseph-sentry/codecov-demo/commits/38c2d0214f2a48c9212a140f5311977059a15b35","html_url":"https://github.com/joseph-sentry/codecov-demo/commit/38c2d0214f2a48c9212a140f5311977059a15b35","comments_url":"https://api.github.com/repos/joseph-sentry/codecov-demo/commits/38c2d0214f2a48c9212a140f5311977059a15b35/comments","author":{"login":"joseph-sentry","id":136376984,"node_id":"U_kgDOCCDymA","avatar_url":"https://avatars.githubusercontent.com/u/136376984?v=4","gravatar_id":"","url":"https://api.github.com/users/joseph-sentry","html_url":"https://github.com/joseph-sentry","followers_url":"https://api.github.com/users/joseph-sentry/followers","following_url":"https://api.github.com/users/joseph-sentry/following{/other_user}","gists_url":"https://api.github.com/users/joseph-sentry/gists{/gist_id}","starred_url":"https://api.github.com/users/joseph-sentry/starred{/owner}{/repo}","subscriptions_url":"https://api.github.com/users/joseph-sentry/subscriptions","organizations_url":"https://api.github.com/users/joseph-sentry/orgs","repos_url":"https://api.github.com/users/joseph-sentry/repos","events_url":"https://api.github.com/users/joseph-sentry/events{/privacy}","received_events_url":"https://api.github.com/users/joseph-sentry/received_events","type":"User","site_admin":false},"committer":{"login":"joseph-sentry","id":136376984,"node_id":"U_kgDOCCDymA","avatar_url":"https://avatars.githubusercontent.com/u/136376984?v=4","gravatar_id":"","url":"https://api.github.com/users/joseph-sentry","html_url":"https://github.com/joseph-sentry","followers_url":"https://api.github.com/users/joseph-sentry/followers","following_url":"https://api.github.com/users/joseph-sentry/following{/other_user}","gists_url":"https://api.github.com/users/joseph-sentry/gists{/gist_id}","starred_url":"https://api.github.com/users/joseph-sentry/starred{/owner}{/repo}","subscriptions_url":"https://api.github.com/users/joseph-sentry/subscriptions","organizations_url":"https://api.github.com/users/joseph-sentry/orgs","repos_url":"https://api.github.com/users/joseph-sentry/repos","events_url":"https://api.github.com/users/joseph-sentry/events{/privacy}","received_events_url":"https://api.github.com/users/joseph-sentry/received_events","type":"User","site_admin":false},"parents":[{"sha":"1713006782821e36912c23baa98901c7361ee83c","url":"https://api.github.com/repos/joseph-sentry/codecov-demo/commits/1713006782821e36912c23baa98901c7361ee83c","html_url":"https://github.com/joseph-sentry/codecov-demo/commit/1713006782821e36912c23baa98901c7361ee83c"}]},"_links":{"self":"https://api.github.com/repos/joseph-sentry/codecov-demo/branches/main","html":"https://github.com/joseph-sentry/codecov-demo/tree/main"},"protected":false,"protection":{"enabled":false,"required_status_checks":{"enforcement_level":"off","contexts":[],"checks":[]}},"protection_url":"https://api.github.com/repos/joseph-sentry/codecov-demo/branches/main/protection"}'
    headers:
      Access-Control-Allow-Origin:
      - '*'
      Access-Control-Expose-Headers:
      - ETag, Link, Location, Retry-After, X-GitHub-OTP, X-RateLimit-Limit, X-RateLimit-Remaining,
        X-RateLimit-Used, X-RateLimit-Resource, X-RateLimit-Reset, X-OAuth-Scopes,
        X-Accepted-OAuth-Scopes, X-Poll-Interval, X-GitHub-Media-Type, X-GitHub-SSO,
        X-GitHub-Request-Id, Deprecation, Sunset
      Cache-Control:
      - private, max-age=60, s-maxage=60
      Content-Encoding:
      - gzip
      Content-Security-Policy:
      - default-src 'none'
      Content-Type:
      - application/json; charset=utf-8
      Date:
      - Wed, 30 Aug 2023 18:44:44 GMT
      ETag:
      - W/"28690f5aa55bcb187fc062a1ab6ad5901a1ccbe0225d6f96dacf712da8e22306"
      Referrer-Policy:
      - origin-when-cross-origin, strict-origin-when-cross-origin
      Server:
      - GitHub.com
      Strict-Transport-Security:
      - max-age=31536000; includeSubdomains; preload
      Transfer-Encoding:
      - chunked
      Vary:
      - Accept, Authorization, Cookie, X-GitHub-OTP
      - Accept-Encoding, Accept, X-Requested-With
      X-Accepted-OAuth-Scopes:
      - ''
      X-Content-Type-Options:
      - nosniff
      X-Frame-Options:
      - deny
      X-GitHub-Media-Type:
      - github.v3
      X-GitHub-Request-Id:
      - E72D:052A:11B090:23E126:64EF8E1C
      X-OAuth-Scopes:
      - repo
      X-RateLimit-Limit:
      - '5000'
      X-RateLimit-Remaining:
      - '4982'
      X-RateLimit-Reset:
      - '1693424656'
      X-RateLimit-Resource:
      - core
      X-RateLimit-Used:
      - '18'
      X-XSS-Protection:
      - '0'
      github-authentication-token-expiration:
      - 2023-09-29 15:36:05 UTC
      x-github-api-version-selected:
      - '2022-11-28'
    http_version: HTTP/1.1
    status_code: 200
- request:
    body: ''
    headers:
      accept:
      - application/json
      accept-encoding:
      - gzip, deflate
      connection:
      - keep-alive
      host:
      - api.github.com
      user-agent:
      - Default
    method: GET
    uri: https://api.github.com/repos/joseph-sentry/codecov-demo/compare/38c2d0214f2a48c9212a140f5311977059a15b35...5b174c2b40d501a70c479e91025d5109b1ad5c1b
  response:
    content: '{"url":"https://api.github.com/repos/joseph-sentry/codecov-demo/compare/38c2d0214f2a48c9212a140f5311977059a15b35...5b174c2b40d501a70c479e91025d5109b1ad5c1b","html_url":"https://github.com/joseph-sentry/codecov-demo/compare/38c2d0214f2a48c9212a140f5311977059a15b35...5b174c2b40d501a70c479e91025d5109b1ad5c1b","permalink_url":"https://github.com/joseph-sentry/codecov-demo/compare/joseph-sentry:38c2d02...joseph-sentry:5b174c2","diff_url":"https://github.com/joseph-sentry/codecov-demo/compare/38c2d0214f2a48c9212a140f5311977059a15b35...5b174c2b40d501a70c479e91025d5109b1ad5c1b.diff","patch_url":"https://github.com/joseph-sentry/codecov-demo/compare/38c2d0214f2a48c9212a140f5311977059a15b35...5b174c2b40d501a70c479e91025d5109b1ad5c1b.patch","base_commit":{"sha":"38c2d0214f2a48c9212a140f5311977059a15b35","node_id":"C_kwDOJu7MkNoAKDM4YzJkMDIxNGYyYTQ4YzkyMTJhMTQwZjUzMTE5NzcwNTlhMTViMzU","commit":{"author":{"name":"joseph-sentry","email":"joseph.sawaya@sentry.io","date":"2023-08-18T16:48:10Z"},"committer":{"name":"joseph-sentry","email":"joseph.sawaya@sentry.io","date":"2023-08-18T16:48:10Z"},"message":"make
      change to app\n\nSigned-off-by: joseph-sentry <joseph.sawaya@sentry.io>","tree":{"sha":"9ba2c9dd228af0bbaf34cc8dcac85a1bdeed6043","url":"https://api.github.com/repos/joseph-sentry/codecov-demo/git/trees/9ba2c9dd228af0bbaf34cc8dcac85a1bdeed6043"},"url":"https://api.github.com/repos/joseph-sentry/codecov-demo/git/commits/38c2d0214f2a48c9212a140f5311977059a15b35","comment_count":0,"verification":{"verified":true,"reason":"valid","signature":"-----BEGIN
      SSH SIGNATURE-----\nU1NIU0lHAAAAAQAAADMAAAALc3NoLWVkMjU1MTkAAAAgZAgzn4ZBqwutNsBP2EqViyU9PP\n/bJINxsDu+12+Wr9EAAAADZ2l0AAAAAAAAAAZzaGE1MTIAAABTAAAAC3NzaC1lZDI1NTE5\nAAAAQJe3OYXkY7fA1+RZ130Zrab06lH36l2XC9HMqjHDAW8iCW5VUbvNhOxNpKSokDItdd\nroqDRnazyFj3+oWVCvxgM=\n-----END
      SSH SIGNATURE-----","payload":"tree 9ba2c9dd228af0bbaf34cc8dcac85a1bdeed6043\nparent
      1713006782821e36912c23baa98901c7361ee83c\nauthor joseph-sentry <joseph.sawaya@sentry.io>
      1692377290 -0400\ncommitter joseph-sentry <joseph.sawaya@sentry.io> 1692377290
      -0400\n\nmake change to app\n\nSigned-off-by: joseph-sentry <joseph.sawaya@sentry.io>\n"}},"url":"https://api.github.com/repos/joseph-sentry/codecov-demo/commits/38c2d0214f2a48c9212a140f5311977059a15b35","html_url":"https://github.com/joseph-sentry/codecov-demo/commit/38c2d0214f2a48c9212a140f5311977059a15b35","comments_url":"https://api.github.com/repos/joseph-sentry/codecov-demo/commits/38c2d0214f2a48c9212a140f5311977059a15b35/comments","author":{"login":"joseph-sentry","id":136376984,"node_id":"U_kgDOCCDymA","avatar_url":"https://avatars.githubusercontent.com/u/136376984?v=4","gravatar_id":"","url":"https://api.github.com/users/joseph-sentry","html_url":"https://github.com/joseph-sentry","followers_url":"https://api.github.com/users/joseph-sentry/followers","following_url":"https://api.github.com/users/joseph-sentry/following{/other_user}","gists_url":"https://api.github.com/users/joseph-sentry/gists{/gist_id}","starred_url":"https://api.github.com/users/joseph-sentry/starred{/owner}{/repo}","subscriptions_url":"https://api.github.com/users/joseph-sentry/subscriptions","organizations_url":"https://api.github.com/users/joseph-sentry/orgs","repos_url":"https://api.github.com/users/joseph-sentry/repos","events_url":"https://api.github.com/users/joseph-sentry/events{/privacy}","received_events_url":"https://api.github.com/users/joseph-sentry/received_events","type":"User","site_admin":false},"committer":{"login":"joseph-sentry","id":136376984,"node_id":"U_kgDOCCDymA","avatar_url":"https://avatars.githubusercontent.com/u/136376984?v=4","gravatar_id":"","url":"https://api.github.com/users/joseph-sentry","html_url":"https://github.com/joseph-sentry","followers_url":"https://api.github.com/users/joseph-sentry/followers","following_url":"https://api.github.com/users/joseph-sentry/following{/other_user}","gists_url":"https://api.github.com/users/joseph-sentry/gists{/gist_id}","starred_url":"https://api.github.com/users/joseph-sentry/starred{/owner}{/repo}","subscriptions_url":"https://api.github.com/users/joseph-sentry/subscriptions","organizations_url":"https://api.github.com/users/joseph-sentry/orgs","repos_url":"https://api.github.com/users/joseph-sentry/repos","events_url":"https://api.github.com/users/joseph-sentry/events{/privacy}","received_events_url":"https://api.github.com/users/joseph-sentry/received_events","type":"User","site_admin":false},"parents":[{"sha":"1713006782821e36912c23baa98901c7361ee83c","url":"https://api.github.com/repos/joseph-sentry/codecov-demo/commits/1713006782821e36912c23baa98901c7361ee83c","html_url":"https://github.com/joseph-sentry/codecov-demo/commit/1713006782821e36912c23baa98901c7361ee83c"}]},"merge_base_commit":{"sha":"5b174c2b40d501a70c479e91025d5109b1ad5c1b","node_id":"C_kwDOJu7MkNoAKDViMTc0YzJiNDBkNTAxYTcwYzQ3OWU5MTAyNWQ1MTA5YjFhZDVjMWI","commit":{"author":{"name":"joseph-sentry","email":"joseph.sawaya@sentry.io","date":"2023-08-14T15:19:08Z"},"committer":{"name":"joseph-sentry","email":"joseph.sawaya@sentry.io","date":"2023-08-14T15:19:08Z"},"message":"make
      change on main","tree":{"sha":"a9d6c66e50012a6d42f3f4c4e6d6de845230e73b","url":"https://api.github.com/repos/joseph-sentry/codecov-demo/git/trees/a9d6c66e50012a6d42f3f4c4e6d6de845230e73b"},"url":"https://api.github.com/repos/joseph-sentry/codecov-demo/git/commits/5b174c2b40d501a70c479e91025d5109b1ad5c1b","comment_count":0,"verification":{"verified":true,"reason":"valid","signature":"-----BEGIN
      SSH SIGNATURE-----\nU1NIU0lHAAAAAQAAADMAAAALc3NoLWVkMjU1MTkAAAAgZAgzn4ZBqwutNsBP2EqViyU9PP\n/bJINxsDu+12+Wr9EAAAADZ2l0AAAAAAAAAAZzaGE1MTIAAABTAAAAC3NzaC1lZDI1NTE5\nAAAAQCSXJE75ylD7PwNrXf6ITnsvh9gIP5b/JASjGlKqB7f37XPt9wLvT2YaV3HcSyTRyt\nCY9zBOZT+tELiyZcpqKwY=\n-----END
      SSH SIGNATURE-----","payload":"tree a9d6c66e50012a6d42f3f4c4e6d6de845230e73b\nparent
      3fe10c352faae434e0cca7c1c5984c1c98000288\nauthor joseph-sentry <joseph.sawaya@sentry.io>
      1692026348 -0400\ncommitter joseph-sentry <joseph.sawaya@sentry.io> 1692026348
      -0400\n\nmake change on main\n"}},"url":"https://api.github.com/repos/joseph-sentry/codecov-demo/commits/5b174c2b40d501a70c479e91025d5109b1ad5c1b","html_url":"https://github.com/joseph-sentry/codecov-demo/commit/5b174c2b40d501a70c479e91025d5109b1ad5c1b","comments_url":"https://api.github.com/repos/joseph-sentry/codecov-demo/commits/5b174c2b40d501a70c479e91025d5109b1ad5c1b/comments","author":{"login":"joseph-sentry","id":136376984,"node_id":"U_kgDOCCDymA","avatar_url":"https://avatars.githubusercontent.com/u/136376984?v=4","gravatar_id":"","url":"https://api.github.com/users/joseph-sentry","html_url":"https://github.com/joseph-sentry","followers_url":"https://api.github.com/users/joseph-sentry/followers","following_url":"https://api.github.com/users/joseph-sentry/following{/other_user}","gists_url":"https://api.github.com/users/joseph-sentry/gists{/gist_id}","starred_url":"https://api.github.com/users/joseph-sentry/starred{/owner}{/repo}","subscriptions_url":"https://api.github.com/users/joseph-sentry/subscriptions","organizations_url":"https://api.github.com/users/joseph-sentry/orgs","repos_url":"https://api.github.com/users/joseph-sentry/repos","events_url":"https://api.github.com/users/joseph-sentry/events{/privacy}","received_events_url":"https://api.github.com/users/joseph-sentry/received_events","type":"User","site_admin":false},"committer":{"login":"joseph-sentry","id":136376984,"node_id":"U_kgDOCCDymA","avatar_url":"https://avatars.githubusercontent.com/u/136376984?v=4","gravatar_id":"","url":"https://api.github.com/users/joseph-sentry","html_url":"https://github.com/joseph-sentry","followers_url":"https://api.github.com/users/joseph-sentry/followers","following_url":"https://api.github.com/users/joseph-sentry/following{/other_user}","gists_url":"https://api.github.com/users/joseph-sentry/gists{/gist_id}","starred_url":"https://api.github.com/users/joseph-sentry/starred{/owner}{/repo}","subscriptions_url":"https://api.github.com/users/joseph-sentry/subscriptions","organizations_url":"https://api.github.com/users/joseph-sentry/orgs","repos_url":"https://api.github.com/users/joseph-sentry/repos","events_url":"https://api.github.com/users/joseph-sentry/events{/privacy}","received_events_url":"https://api.github.com/users/joseph-sentry/received_events","type":"User","site_admin":false},"parents":[{"sha":"3fe10c352faae434e0cca7c1c5984c1c98000288","url":"https://api.github.com/repos/joseph-sentry/codecov-demo/commits/3fe10c352faae434e0cca7c1c5984c1c98000288","html_url":"https://github.com/joseph-sentry/codecov-demo/commit/3fe10c352faae434e0cca7c1c5984c1c98000288"}]},"status":"behind","ahead_by":0,"behind_by":2,"total_commits":0,"commits":[],"files":[]}'
    headers:
      Access-Control-Allow-Origin:
      - '*'
      Access-Control-Expose-Headers:
      - ETag, Link, Location, Retry-After, X-GitHub-OTP, X-RateLimit-Limit, X-RateLimit-Remaining,
        X-RateLimit-Used, X-RateLimit-Resource, X-RateLimit-Reset, X-OAuth-Scopes,
        X-Accepted-OAuth-Scopes, X-Poll-Interval, X-GitHub-Media-Type, X-GitHub-SSO,
        X-GitHub-Request-Id, Deprecation, Sunset
      Cache-Control:
      - private, max-age=60, s-maxage=60
      Content-Encoding:
      - gzip
      Content-Security-Policy:
      - default-src 'none'
      Content-Type:
      - application/json; charset=utf-8
      Date:
      - Wed, 30 Aug 2023 18:44:45 GMT
      ETag:
      - W/"fb71dcba3dddf292e08598b556f7bcc763019abc6e1678ed3355d3d8ec57454f"
      Referrer-Policy:
      - origin-when-cross-origin, strict-origin-when-cross-origin
      Server:
      - GitHub.com
      Strict-Transport-Security:
      - max-age=31536000; includeSubdomains; preload
      Transfer-Encoding:
      - chunked
      Vary:
      - Accept, Authorization, Cookie, X-GitHub-OTP
      - Accept-Encoding, Accept, X-Requested-With
      X-Accepted-OAuth-Scopes:
      - ''
      X-Content-Type-Options:
      - nosniff
      X-Frame-Options:
      - deny
      X-GitHub-Media-Type:
      - github.v3
      X-GitHub-Request-Id:
      - E72E:16C4:FF10B:20679C:64EF8E1C
      X-OAuth-Scopes:
      - repo
      X-RateLimit-Limit:
      - '5000'
      X-RateLimit-Remaining:
      - '4981'
      X-RateLimit-Reset:
      - '1693424656'
      X-RateLimit-Resource:
      - core
      X-RateLimit-Used:
      - '19'
      X-XSS-Protection:
      - '0'
      github-authentication-token-expiration:
      - 2023-09-29 15:36:05 UTC
      x-github-api-version-selected:
      - '2022-11-28'
    http_version: HTTP/1.1
    status_code: 200
- request:
    body: '{"body": "## [Codecov](https://app.codecov.io/gh/joseph-sentry/codecov-demo/pull/9?src=pr&el=h1&utm_medium=referral&utm_source=github&utm_content=comment&utm_campaign=pr+comments&utm_term=Tara+Grant+MD)
      Report\nPatch coverage has no change and project coverage change: **`+10.00%`**
      :tada:\n> Comparison is base [(`5b174c2`)](https://app.codecov.io/gh/joseph-sentry/codecov-demo/commit/5b174c2b40d501a70c479e91025d5109b1ad5c1b?el=desc&utm_medium=referral&utm_source=github&utm_content=comment&utm_campaign=pr+comments&utm_term=Tara+Grant+MD)
      50.00% compared to head [(`5601846`)](https://app.codecov.io/gh/joseph-sentry/codecov-demo/commit/5601846871b8142ab0df1e0b8774756c658bcc7d?src=pr&el=desc&utm_medium=referral&utm_source=github&utm_content=comment&utm_campaign=pr+comments&utm_term=Tara+Grant+MD)
      60.00%.\n> Report is 2 commits behind head on main.\n\n:exclamation: Your organization
      is not using the GitHub App Integration. As a result you may experience degraded
      service beginning May 15th. Please [install the GitHub App Integration](https://github.com/apps/codecov)
      for your organization. [Read more](https://about.codecov.io/blog/codecov-is-updating-its-github-integration/?utm_medium=referral&utm_source=github&utm_content=comment&utm_campaign=pr+comments&utm_term=Tara+Grant+MD).\n\n<details><summary>Additional
      details and impacted files</summary>\n\n\n[![Impacted file tree graph](https://app.codecov.io/gh/joseph-sentry/codecov-demo/pull/9/graphs/tree.svg?width=650&height=150&src=pr&token=abcdefghij&utm_medium=referral&utm_source=github&utm_content=comment&utm_campaign=pr+comments&utm_term=Tara+Grant+MD)](https://app.codecov.io/gh/joseph-sentry/codecov-demo/pull/9?src=pr&el=tree&utm_medium=referral&utm_source=github&utm_content=comment&utm_campaign=pr+comments&utm_term=Tara+Grant+MD)\n\n```diff\n@@              Coverage
      Diff              @@\n##               main       #9       +/-   ##\n=============================================\n+
      Coverage     50.00%   60.00%   +10.00%     \n+ Complexity       11       10        -1     \n=============================================\n  Files             2        2               \n  Lines             6       10        +4     \n  Branches          0        1        +1     \n=============================================\n+
      Hits              3        6        +3     \n  Misses            3        3               \n-
      Partials          0        1        +1     \n```\n\n| [Flag](https://app.codecov.io/gh/joseph-sentry/codecov-demo/pull/9/flags?src=pr&el=flags&utm_medium=referral&utm_source=github&utm_content=comment&utm_campaign=pr+comments&utm_term=Tara+Grant+MD)
      | Coverage \u0394 | Complexity \u0394 | |\n|---|---|---|---|\n| [integration](https://app.codecov.io/gh/joseph-sentry/codecov-demo/pull/9/flags?src=pr&el=flag&utm_medium=referral&utm_source=github&utm_content=comment&utm_campaign=pr+comments&utm_term=Tara+Grant+MD)
      | `?` | `?` | |\n| [unit](https://app.codecov.io/gh/joseph-sentry/codecov-demo/pull/9/flags?src=pr&el=flag&utm_medium=referral&utm_source=github&utm_content=comment&utm_campaign=pr+comments&utm_term=Tara+Grant+MD)
      | `100.00% <\u00f8> (?)` | `0.00 <\u00f8> (?)` | |\n\nFlags with carried forward
      coverage won''t be shown. [Click here](https://docs.codecov.io/docs/carryforward-flags?utm_medium=referral&utm_source=github&utm_content=comment&utm_campaign=pr+comments&utm_term=Tara+Grant+MD#carryforward-flags-in-the-pull-request-comment)
      to find out more.\n\n[see 2 files with indirect coverage changes](https://app.codecov.io/gh/joseph-sentry/codecov-demo/pull/9/indirect-changes?src=pr&el=tree-more&utm_medium=referral&utm_source=github&utm_content=comment&utm_campaign=pr+comments&utm_term=Tara+Grant+MD)\n\n</details>\n\n[:umbrella:
      View full report in Codecov by Sentry](https://app.codecov.io/gh/joseph-sentry/codecov-demo/pull/9?src=pr&el=continue&utm_medium=referral&utm_source=github&utm_content=comment&utm_campaign=pr+comments&utm_term=Tara+Grant+MD).   \n:loudspeaker:
      Have feedback on the report? [Share it here](https://about.codecov.io/codecov-pr-comment-feedback/?utm_medium=referral&utm_source=github&utm_content=comment&utm_campaign=pr+comments&utm_term=Tara+Grant+MD).\n"}'
    headers:
      accept:
      - application/json
      accept-encoding:
      - gzip, deflate
      connection:
      - keep-alive
      content-length:
      - '4148'
      content-type:
      - application/json
      host:
      - api.github.com
      user-agent:
      - Default
    method: POST
    uri: https://api.github.com/repos/joseph-sentry/codecov-demo/issues/9/comments
  response:
    content: "{\"url\":\"https://api.github.com/repos/joseph-sentry/codecov-demo/issues/comments/1699669290\"\
      ,\"html_url\":\"https://github.com/joseph-sentry/codecov-demo/pull/9#issuecomment-1699669290\"\
      ,\"issue_url\":\"https://api.github.com/repos/joseph-sentry/codecov-demo/issues/9\"\
      ,\"id\":1699669290,\"node_id\":\"IC_kwDOJu7MkM5lTuUq\",\"user\":{\"login\":\"\
      joseph-sentry\",\"id\":136376984,\"node_id\":\"U_kgDOCCDymA\",\"avatar_url\"\
      :\"https://avatars.githubusercontent.com/u/136376984?u=8154f2067e6b4966acba9c27358d6e49cfbbf45d&v=4\"\
      ,\"gravatar_id\":\"\",\"url\":\"https://api.github.com/users/joseph-sentry\"\
      ,\"html_url\":\"https://github.com/joseph-sentry\",\"followers_url\":\"https://api.github.com/users/joseph-sentry/followers\"\
      ,\"following_url\":\"https://api.github.com/users/joseph-sentry/following{/other_user}\"\
      ,\"gists_url\":\"https://api.github.com/users/joseph-sentry/gists{/gist_id}\"\
      ,\"starred_url\":\"https://api.github.com/users/joseph-sentry/starred{/owner}{/repo}\"\
      ,\"subscriptions_url\":\"https://api.github.com/users/joseph-sentry/subscriptions\"\
      ,\"organizations_url\":\"https://api.github.com/users/joseph-sentry/orgs\",\"\
      repos_url\":\"https://api.github.com/users/joseph-sentry/repos\",\"events_url\"\
      :\"https://api.github.com/users/joseph-sentry/events{/privacy}\",\"received_events_url\"\
      :\"https://api.github.com/users/joseph-sentry/received_events\",\"type\":\"\
      User\",\"site_admin\":false},\"created_at\":\"2023-08-30T18:44:45Z\",\"updated_at\"\
      :\"2023-08-30T18:44:45Z\",\"author_association\":\"OWNER\",\"body\":\"## [Codecov](https://app.codecov.io/gh/joseph-sentry/codecov-demo/pull/9?src=pr&el=h1&utm_medium=referral&utm_source=github&utm_content=comment&utm_campaign=pr+comments&utm_term=Tara+Grant+MD)\
      \ Report\\nPatch coverage has no change and project coverage change: **`+10.00%`**\
      \ :tada:\\n> Comparison is base [(`5b174c2`)](https://app.codecov.io/gh/joseph-sentry/codecov-demo/commit/5b174c2b40d501a70c479e91025d5109b1ad5c1b?el=desc&utm_medium=referral&utm_source=github&utm_content=comment&utm_campaign=pr+comments&utm_term=Tara+Grant+MD)\
      \ 50.00% compared to head [(`5601846`)](https://app.codecov.io/gh/joseph-sentry/codecov-demo/commit/5601846871b8142ab0df1e0b8774756c658bcc7d?&el=desc&utm_medium=referral&utm_source=github&utm_content=comment&utm_campaign=pr+comments&utm_term=Tara+Grant+MD)\
      \ 60.00%.\\n> Report is 2 commits behind head on main.\\n\\n:exclamation: Your\
      \ organization is not using the GitHub App Integration. As a result you may\
      \ experience degraded service beginning May 15th. Please [install the GitHub\
      \ App Integration](https://github.com/apps/codecov) for your organization. [Read\
      \ more](https://about.codecov.io/blog/codecov-is-updating-its-github-integration/?utm_medium=referral&utm_source=github&utm_content=comment&utm_campaign=pr+comments&utm_term=Tara+Grant+MD).\\\
      n\\n<details><summary>Additional details and impacted files</summary>\\n\\n\\\
      n[![Impacted file tree graph](https://app.codecov.io/gh/joseph-sentry/codecov-demo/pull/9/graphs/tree.svg?width=650&height=150&src=pr&token=abcdefghij&utm_medium=referral&utm_source=github&utm_content=comment&utm_campaign=pr+comments&utm_term=Tara+Grant+MD)](https://app.codecov.io/gh/joseph-sentry/codecov-demo/pull/9?src=pr&el=tree&utm_medium=referral&utm_source=github&utm_content=comment&utm_campaign=pr+comments&utm_term=Tara+Grant+MD)\\\
      n\\n```diff\\n@@              Coverage Diff              @@\\n##           \
      \    main       #9       +/-   ##\\n=============================================\\\
      n+ Coverage     50.00%   60.00%   +10.00%     \\n+ Complexity       11     \
      \  10        -1     \\n=============================================\\n  Files\
      \             2        2               \\n  Lines             6       10   \
      \     +4     \\n  Branches          0        1        +1     \\n=============================================\\\
      n+ Hits              3        6        +3     \\n  Misses            3     \
      \   3               \\n- Partials          0        1        +1     \\n```\\\
      n\\n| [Flag](https://app.codecov.io/gh/joseph-sentry/codecov-demo/pull/9/flags?src=pr&el=flags&utm_medium=referral&utm_source=github&utm_content=comment&utm_campaign=pr+comments&utm_term=Tara+Grant+MD)\
      \ | Coverage \u0394 | Complexity \u0394 | |\\n|---|---|---|---|\\n| [integration](https://app.codecov.io/gh/joseph-sentry/codecov-demo/pull/9/flags?src=pr&el=flag&utm_medium=referral&utm_source=github&utm_content=comment&utm_campaign=pr+comments&utm_term=Tara+Grant+MD)\
      \ | `?` | `?` | |\\n| [unit](https://app.codecov.io/gh/joseph-sentry/codecov-demo/pull/9/flags?src=pr&el=flag&utm_medium=referral&utm_source=github&utm_content=comment&utm_campaign=pr+comments&utm_term=Tara+Grant+MD)\
      \ | `100.00% <\xF8> (?)` | `0.00 <\xF8> (?)` | |\\n\\nFlags with carried forward\
      \ coverage won't be shown. [Click here](https://docs.codecov.io/docs/carryforward-flags?utm_medium=referral&utm_source=github&utm_content=comment&utm_campaign=pr+comments&utm_term=Tara+Grant+MD#carryforward-flags-in-the-pull-request-comment)\
      \ to find out more.\\n\\n[see 2 files with indirect coverage changes](https://app.codecov.io/gh/joseph-sentry/codecov-demo/pull/9/indirect-changes?src=pr&el=tree-more&utm_medium=referral&utm_source=github&utm_content=comment&utm_campaign=pr+comments&utm_term=Tara+Grant+MD)\\\
      n\\n</details>\\n\\n[:umbrella: View full report in Codecov by Sentry](https://app.codecov.io/gh/joseph-sentry/codecov-demo/pull/9?src=pr&el=continue&utm_medium=referral&utm_source=github&utm_content=comment&utm_campaign=pr+comments&utm_term=Tara+Grant+MD).\
      \   \\n:loudspeaker: Have feedback on the report? [Share it here](https://about.codecov.io/codecov-pr-comment-feedback/?utm_medium=referral&utm_source=github&utm_content=comment&utm_campaign=pr+comments&utm_term=Tara+Grant+MD).\\\
      n\",\"reactions\":{\"url\":\"https://api.github.com/repos/joseph-sentry/codecov-demo/issues/comments/1699669290/reactions\"\
      ,\"total_count\":0,\"+1\":0,\"-1\":0,\"laugh\":0,\"hooray\":0,\"confused\":0,\"\
      heart\":0,\"rocket\":0,\"eyes\":0},\"performed_via_github_app\":null}"
    headers:
      Access-Control-Allow-Origin:
      - '*'
      Access-Control-Expose-Headers:
      - ETag, Link, Location, Retry-After, X-GitHub-OTP, X-RateLimit-Limit, X-RateLimit-Remaining,
        X-RateLimit-Used, X-RateLimit-Resource, X-RateLimit-Reset, X-OAuth-Scopes,
        X-Accepted-OAuth-Scopes, X-Poll-Interval, X-GitHub-Media-Type, X-GitHub-SSO,
        X-GitHub-Request-Id, Deprecation, Sunset
      Cache-Control:
      - private, max-age=60, s-maxage=60
      Content-Length:
      - '5793'
      Content-Security-Policy:
      - default-src 'none'
      Content-Type:
      - application/json; charset=utf-8
      Date:
      - Wed, 30 Aug 2023 18:44:45 GMT
      ETag:
      - '"69ff846c9b55de3f6af22231c0b2754e020dda53e7d719ba917e41faf23d5f4d"'
      Location:
      - https://api.github.com/repos/joseph-sentry/codecov-demo/issues/comments/1699669290
      Referrer-Policy:
      - origin-when-cross-origin, strict-origin-when-cross-origin
      Server:
      - GitHub.com
      Strict-Transport-Security:
      - max-age=31536000; includeSubdomains; preload
      Vary:
      - Accept, Authorization, Cookie, X-GitHub-OTP
      - Accept-Encoding, Accept, X-Requested-With
      X-Accepted-OAuth-Scopes:
      - ''
      X-Content-Type-Options:
      - nosniff
      X-Frame-Options:
      - deny
      X-GitHub-Media-Type:
      - github.v3
      X-GitHub-Request-Id:
      - E730:2F64:165FAC:2D5DB0:64EF8E1D
      X-OAuth-Scopes:
      - repo
      X-RateLimit-Limit:
      - '5000'
      X-RateLimit-Remaining:
      - '4980'
      X-RateLimit-Reset:
      - '1693424656'
      X-RateLimit-Resource:
      - core
      X-RateLimit-Used:
      - '20'
      X-XSS-Protection:
      - '0'
      github-authentication-token-expiration:
      - 2023-09-29 15:36:05 UTC
      x-github-api-version-selected:
      - '2022-11-28'
    http_version: HTTP/1.1
    status_code: 201
version: 1
