interactions:
- request:
    body: null
    headers:
      Accept:
      - application/json
      User-Agent:
      - Default
    method: GET
    uri: https://api.github.com/repos/1nf1n1t3l00p/priv_example/pulls/1
  response:
    content: '{"url":"https://api.github.com/repos/1nf1n1t3l00p/priv_example/pulls/1","id":399231250,"node_id":"MDExOlB1bGxSZXF1ZXN0Mzk5MjMxMjUw","html_url":"https://github.com/1nf1n1t3l00p/priv_example/pull/1","diff_url":"https://github.com/1nf1n1t3l00p/priv_example/pull/1.diff","patch_url":"https://github.com/1nf1n1t3l00p/priv_example/pull/1.patch","issue_url":"https://api.github.com/repos/1nf1n1t3l00p/priv_example/issues/1","number":1,"state":"open","locked":false,"title":"Some
      random change","user":{"login":"1nf1n1t3l00p","id":45343385,"node_id":"MDQ6VXNlcjQ1MzQzMzg1","avatar_url":"https://avatars1.githubusercontent.com/u/45343385?v=4","gravatar_id":"","url":"https://api.github.com/users/1nf1n1t3l00p","html_url":"https://github.com/1nf1n1t3l00p","followers_url":"https://api.github.com/users/1nf1n1t3l00p/followers","following_url":"https://api.github.com/users/1nf1n1t3l00p/following{/other_user}","gists_url":"https://api.github.com/users/1nf1n1t3l00p/gists{/gist_id}","starred_url":"https://api.github.com/users/1nf1n1t3l00p/starred{/owner}{/repo}","subscriptions_url":"https://api.github.com/users/1nf1n1t3l00p/subscriptions","organizations_url":"https://api.github.com/users/1nf1n1t3l00p/orgs","repos_url":"https://api.github.com/users/1nf1n1t3l00p/repos","events_url":"https://api.github.com/users/1nf1n1t3l00p/events{/privacy}","received_events_url":"https://api.github.com/users/1nf1n1t3l00p/received_events","type":"User","site_admin":false},"body":"","created_at":"2020-04-05T20:30:23Z","updated_at":"2020-04-05T20:30:23Z","closed_at":null,"merged_at":null,"merge_commit_sha":"5b502d3784c5336d38096a2337bd23a1f6e1f78b","assignee":null,"assignees":[],"requested_reviewers":[],"requested_teams":[],"labels":[],"milestone":null,"draft":false,"commits_url":"https://api.github.com/repos/1nf1n1t3l00p/priv_example/pulls/1/commits","review_comments_url":"https://api.github.com/repos/1nf1n1t3l00p/priv_example/pulls/1/comments","review_comment_url":"https://api.github.com/repos/1nf1n1t3l00p/priv_example/pulls/comments{/number}","comments_url":"https://api.github.com/repos/1nf1n1t3l00p/priv_example/issues/1/comments","statuses_url":"https://api.github.com/repos/1nf1n1t3l00p/priv_example/statuses/6341a94d2bb77a6153cec905363348937d258720","head":{"label":"1nf1n1t3l00p:featureA","ref":"featureA","sha":"6341a94d2bb77a6153cec905363348937d258720","user":{"login":"1nf1n1t3l00p","id":45343385,"node_id":"MDQ6VXNlcjQ1MzQzMzg1","avatar_url":"https://avatars1.githubusercontent.com/u/45343385?v=4","gravatar_id":"","url":"https://api.github.com/users/1nf1n1t3l00p","html_url":"https://github.com/1nf1n1t3l00p","followers_url":"https://api.github.com/users/1nf1n1t3l00p/followers","following_url":"https://api.github.com/users/1nf1n1t3l00p/following{/other_user}","gists_url":"https://api.github.com/users/1nf1n1t3l00p/gists{/gist_id}","starred_url":"https://api.github.com/users/1nf1n1t3l00p/starred{/owner}{/repo}","subscriptions_url":"https://api.github.com/users/1nf1n1t3l00p/subscriptions","organizations_url":"https://api.github.com/users/1nf1n1t3l00p/orgs","repos_url":"https://api.github.com/users/1nf1n1t3l00p/repos","events_url":"https://api.github.com/users/1nf1n1t3l00p/events{/privacy}","received_events_url":"https://api.github.com/users/1nf1n1t3l00p/received_events","type":"User","site_admin":false},"repo":{"id":159090505,"node_id":"MDEwOlJlcG9zaXRvcnkxNTkwOTA1MDU=","name":"priv_example","full_name":"1nf1n1t3l00p/priv_example","private":true,"owner":{"login":"1nf1n1t3l00p","id":45343385,"node_id":"MDQ6VXNlcjQ1MzQzMzg1","avatar_url":"https://avatars1.githubusercontent.com/u/45343385?v=4","gravatar_id":"","url":"https://api.github.com/users/1nf1n1t3l00p","html_url":"https://github.com/1nf1n1t3l00p","followers_url":"https://api.github.com/users/1nf1n1t3l00p/followers","following_url":"https://api.github.com/users/1nf1n1t3l00p/following{/other_user}","gists_url":"https://api.github.com/users/1nf1n1t3l00p/gists{/gist_id}","starred_url":"https://api.github.com/users/1nf1n1t3l00p/starred{/owner}{/repo}","subscriptions_url":"https://api.github.com/users/1nf1n1t3l00p/subscriptions","organizations_url":"https://api.github.com/users/1nf1n1t3l00p/orgs","repos_url":"https://api.github.com/users/1nf1n1t3l00p/repos","events_url":"https://api.github.com/users/1nf1n1t3l00p/events{/privacy}","received_events_url":"https://api.github.com/users/1nf1n1t3l00p/received_events","type":"User","site_admin":false},"html_url":"https://github.com/1nf1n1t3l00p/priv_example","description":"Example
      private repo","fork":false,"url":"https://api.github.com/repos/1nf1n1t3l00p/priv_example","forks_url":"https://api.github.com/repos/1nf1n1t3l00p/priv_example/forks","keys_url":"https://api.github.com/repos/1nf1n1t3l00p/priv_example/keys{/key_id}","collaborators_url":"https://api.github.com/repos/1nf1n1t3l00p/priv_example/collaborators{/collaborator}","teams_url":"https://api.github.com/repos/1nf1n1t3l00p/priv_example/teams","hooks_url":"https://api.github.com/repos/1nf1n1t3l00p/priv_example/hooks","issue_events_url":"https://api.github.com/repos/1nf1n1t3l00p/priv_example/issues/events{/number}","events_url":"https://api.github.com/repos/1nf1n1t3l00p/priv_example/events","assignees_url":"https://api.github.com/repos/1nf1n1t3l00p/priv_example/assignees{/user}","branches_url":"https://api.github.com/repos/1nf1n1t3l00p/priv_example/branches{/branch}","tags_url":"https://api.github.com/repos/1nf1n1t3l00p/priv_example/tags","blobs_url":"https://api.github.com/repos/1nf1n1t3l00p/priv_example/git/blobs{/sha}","git_tags_url":"https://api.github.com/repos/1nf1n1t3l00p/priv_example/git/tags{/sha}","git_refs_url":"https://api.github.com/repos/1nf1n1t3l00p/priv_example/git/refs{/sha}","trees_url":"https://api.github.com/repos/1nf1n1t3l00p/priv_example/git/trees{/sha}","statuses_url":"https://api.github.com/repos/1nf1n1t3l00p/priv_example/statuses/{sha}","languages_url":"https://api.github.com/repos/1nf1n1t3l00p/priv_example/languages","stargazers_url":"https://api.github.com/repos/1nf1n1t3l00p/priv_example/stargazers","contributors_url":"https://api.github.com/repos/1nf1n1t3l00p/priv_example/contributors","subscribers_url":"https://api.github.com/repos/1nf1n1t3l00p/priv_example/subscribers","subscription_url":"https://api.github.com/repos/1nf1n1t3l00p/priv_example/subscription","commits_url":"https://api.github.com/repos/1nf1n1t3l00p/priv_example/commits{/sha}","git_commits_url":"https://api.github.com/repos/1nf1n1t3l00p/priv_example/git/commits{/sha}","comments_url":"https://api.github.com/repos/1nf1n1t3l00p/priv_example/comments{/number}","issue_comment_url":"https://api.github.com/repos/1nf1n1t3l00p/priv_example/issues/comments{/number}","contents_url":"https://api.github.com/repos/1nf1n1t3l00p/priv_example/contents/{+path}","compare_url":"https://api.github.com/repos/1nf1n1t3l00p/priv_example/compare/{base}...{head}","merges_url":"https://api.github.com/repos/1nf1n1t3l00p/priv_example/merges","archive_url":"https://api.github.com/repos/1nf1n1t3l00p/priv_example/{archive_format}{/ref}","downloads_url":"https://api.github.com/repos/1nf1n1t3l00p/priv_example/downloads","issues_url":"https://api.github.com/repos/1nf1n1t3l00p/priv_example/issues{/number}","pulls_url":"https://api.github.com/repos/1nf1n1t3l00p/priv_example/pulls{/number}","milestones_url":"https://api.github.com/repos/1nf1n1t3l00p/priv_example/milestones{/number}","notifications_url":"https://api.github.com/repos/1nf1n1t3l00p/priv_example/notifications{?since,all,participating}","labels_url":"https://api.github.com/repos/1nf1n1t3l00p/priv_example/labels{/name}","releases_url":"https://api.github.com/repos/1nf1n1t3l00p/priv_example/releases{/id}","deployments_url":"https://api.github.com/repos/1nf1n1t3l00p/priv_example/deployments","created_at":"2018-11-26T00:59:07Z","updated_at":"2018-11-26T00:59:12Z","pushed_at":"2020-04-05T20:30:23Z","git_url":"git://github.com/1nf1n1t3l00p/priv_example.git","ssh_url":"git@github.com:1nf1n1t3l00p/priv_example.git","clone_url":"https://github.com/1nf1n1t3l00p/priv_example.git","svn_url":"https://github.com/1nf1n1t3l00p/priv_example","homepage":null,"size":1,"stargazers_count":0,"watchers_count":0,"language":null,"has_issues":true,"has_projects":true,"has_downloads":true,"has_wiki":true,"has_pages":false,"forks_count":0,"mirror_url":null,"archived":false,"disabled":false,"open_issues_count":1,"license":null,"forks":0,"open_issues":1,"watchers":0,"default_branch":"master"}},"base":{"label":"1nf1n1t3l00p:master","ref":"master","sha":"ca084b346c2f1450f011adbd5ec950e3532b57b6","user":{"login":"1nf1n1t3l00p","id":45343385,"node_id":"MDQ6VXNlcjQ1MzQzMzg1","avatar_url":"https://avatars1.githubusercontent.com/u/45343385?v=4","gravatar_id":"","url":"https://api.github.com/users/1nf1n1t3l00p","html_url":"https://github.com/1nf1n1t3l00p","followers_url":"https://api.github.com/users/1nf1n1t3l00p/followers","following_url":"https://api.github.com/users/1nf1n1t3l00p/following{/other_user}","gists_url":"https://api.github.com/users/1nf1n1t3l00p/gists{/gist_id}","starred_url":"https://api.github.com/users/1nf1n1t3l00p/starred{/owner}{/repo}","subscriptions_url":"https://api.github.com/users/1nf1n1t3l00p/subscriptions","organizations_url":"https://api.github.com/users/1nf1n1t3l00p/orgs","repos_url":"https://api.github.com/users/1nf1n1t3l00p/repos","events_url":"https://api.github.com/users/1nf1n1t3l00p/events{/privacy}","received_events_url":"https://api.github.com/users/1nf1n1t3l00p/received_events","type":"User","site_admin":false},"repo":{"id":159090505,"node_id":"MDEwOlJlcG9zaXRvcnkxNTkwOTA1MDU=","name":"priv_example","full_name":"1nf1n1t3l00p/priv_example","private":true,"owner":{"login":"1nf1n1t3l00p","id":45343385,"node_id":"MDQ6VXNlcjQ1MzQzMzg1","avatar_url":"https://avatars1.githubusercontent.com/u/45343385?v=4","gravatar_id":"","url":"https://api.github.com/users/1nf1n1t3l00p","html_url":"https://github.com/1nf1n1t3l00p","followers_url":"https://api.github.com/users/1nf1n1t3l00p/followers","following_url":"https://api.github.com/users/1nf1n1t3l00p/following{/other_user}","gists_url":"https://api.github.com/users/1nf1n1t3l00p/gists{/gist_id}","starred_url":"https://api.github.com/users/1nf1n1t3l00p/starred{/owner}{/repo}","subscriptions_url":"https://api.github.com/users/1nf1n1t3l00p/subscriptions","organizations_url":"https://api.github.com/users/1nf1n1t3l00p/orgs","repos_url":"https://api.github.com/users/1nf1n1t3l00p/repos","events_url":"https://api.github.com/users/1nf1n1t3l00p/events{/privacy}","received_events_url":"https://api.github.com/users/1nf1n1t3l00p/received_events","type":"User","site_admin":false},"html_url":"https://github.com/1nf1n1t3l00p/priv_example","description":"Example
      private repo","fork":false,"url":"https://api.github.com/repos/1nf1n1t3l00p/priv_example","forks_url":"https://api.github.com/repos/1nf1n1t3l00p/priv_example/forks","keys_url":"https://api.github.com/repos/1nf1n1t3l00p/priv_example/keys{/key_id}","collaborators_url":"https://api.github.com/repos/1nf1n1t3l00p/priv_example/collaborators{/collaborator}","teams_url":"https://api.github.com/repos/1nf1n1t3l00p/priv_example/teams","hooks_url":"https://api.github.com/repos/1nf1n1t3l00p/priv_example/hooks","issue_events_url":"https://api.github.com/repos/1nf1n1t3l00p/priv_example/issues/events{/number}","events_url":"https://api.github.com/repos/1nf1n1t3l00p/priv_example/events","assignees_url":"https://api.github.com/repos/1nf1n1t3l00p/priv_example/assignees{/user}","branches_url":"https://api.github.com/repos/1nf1n1t3l00p/priv_example/branches{/branch}","tags_url":"https://api.github.com/repos/1nf1n1t3l00p/priv_example/tags","blobs_url":"https://api.github.com/repos/1nf1n1t3l00p/priv_example/git/blobs{/sha}","git_tags_url":"https://api.github.com/repos/1nf1n1t3l00p/priv_example/git/tags{/sha}","git_refs_url":"https://api.github.com/repos/1nf1n1t3l00p/priv_example/git/refs{/sha}","trees_url":"https://api.github.com/repos/1nf1n1t3l00p/priv_example/git/trees{/sha}","statuses_url":"https://api.github.com/repos/1nf1n1t3l00p/priv_example/statuses/{sha}","languages_url":"https://api.github.com/repos/1nf1n1t3l00p/priv_example/languages","stargazers_url":"https://api.github.com/repos/1nf1n1t3l00p/priv_example/stargazers","contributors_url":"https://api.github.com/repos/1nf1n1t3l00p/priv_example/contributors","subscribers_url":"https://api.github.com/repos/1nf1n1t3l00p/priv_example/subscribers","subscription_url":"https://api.github.com/repos/1nf1n1t3l00p/priv_example/subscription","commits_url":"https://api.github.com/repos/1nf1n1t3l00p/priv_example/commits{/sha}","git_commits_url":"https://api.github.com/repos/1nf1n1t3l00p/priv_example/git/commits{/sha}","comments_url":"https://api.github.com/repos/1nf1n1t3l00p/priv_example/comments{/number}","issue_comment_url":"https://api.github.com/repos/1nf1n1t3l00p/priv_example/issues/comments{/number}","contents_url":"https://api.github.com/repos/1nf1n1t3l00p/priv_example/contents/{+path}","compare_url":"https://api.github.com/repos/1nf1n1t3l00p/priv_example/compare/{base}...{head}","merges_url":"https://api.github.com/repos/1nf1n1t3l00p/priv_example/merges","archive_url":"https://api.github.com/repos/1nf1n1t3l00p/priv_example/{archive_format}{/ref}","downloads_url":"https://api.github.com/repos/1nf1n1t3l00p/priv_example/downloads","issues_url":"https://api.github.com/repos/1nf1n1t3l00p/priv_example/issues{/number}","pulls_url":"https://api.github.com/repos/1nf1n1t3l00p/priv_example/pulls{/number}","milestones_url":"https://api.github.com/repos/1nf1n1t3l00p/priv_example/milestones{/number}","notifications_url":"https://api.github.com/repos/1nf1n1t3l00p/priv_example/notifications{?since,all,participating}","labels_url":"https://api.github.com/repos/1nf1n1t3l00p/priv_example/labels{/name}","releases_url":"https://api.github.com/repos/1nf1n1t3l00p/priv_example/releases{/id}","deployments_url":"https://api.github.com/repos/1nf1n1t3l00p/priv_example/deployments","created_at":"2018-11-26T00:59:07Z","updated_at":"2018-11-26T00:59:12Z","pushed_at":"2020-04-05T20:30:23Z","git_url":"git://github.com/1nf1n1t3l00p/priv_example.git","ssh_url":"git@github.com:1nf1n1t3l00p/priv_example.git","clone_url":"https://github.com/1nf1n1t3l00p/priv_example.git","svn_url":"https://github.com/1nf1n1t3l00p/priv_example","homepage":null,"size":1,"stargazers_count":0,"watchers_count":0,"language":null,"has_issues":true,"has_projects":true,"has_downloads":true,"has_wiki":true,"has_pages":false,"forks_count":0,"mirror_url":null,"archived":false,"disabled":false,"open_issues_count":1,"license":null,"forks":0,"open_issues":1,"watchers":0,"default_branch":"master"}},"_links":{"self":{"href":"https://api.github.com/repos/1nf1n1t3l00p/priv_example/pulls/1"},"html":{"href":"https://github.com/1nf1n1t3l00p/priv_example/pull/1"},"issue":{"href":"https://api.github.com/repos/1nf1n1t3l00p/priv_example/issues/1"},"comments":{"href":"https://api.github.com/repos/1nf1n1t3l00p/priv_example/issues/1/comments"},"review_comments":{"href":"https://api.github.com/repos/1nf1n1t3l00p/priv_example/pulls/1/comments"},"review_comment":{"href":"https://api.github.com/repos/1nf1n1t3l00p/priv_example/pulls/comments{/number}"},"commits":{"href":"https://api.github.com/repos/1nf1n1t3l00p/priv_example/pulls/1/commits"},"statuses":{"href":"https://api.github.com/repos/1nf1n1t3l00p/priv_example/statuses/6341a94d2bb77a6153cec905363348937d258720"}},"author_association":"OWNER","merged":false,"mergeable":true,"rebaseable":true,"mergeable_state":"clean","merged_by":null,"comments":0,"review_comments":0,"maintainer_can_modify":false,"commits":1,"additions":2,"deletions":0,"changed_files":1}'
    headers:
      Access-Control-Allow-Origin:
      - '*'
      Access-Control-Expose-Headers:
      - ETag, Link, Location, Retry-After, X-GitHub-OTP, X-RateLimit-Limit, X-RateLimit-Remaining,
        X-RateLimit-Reset, X-OAuth-Scopes, X-Accepted-OAuth-Scopes, X-Poll-Interval,
        X-GitHub-Media-Type, Deprecation, Sunset
      Cache-Control:
      - private, max-age=60, s-maxage=60
      Connection:
      - close
      Content-Security-Policy:
      - default-src 'none'
      Content-Type:
      - application/json; charset=utf-8
      Date:
      - Sun, 05 Apr 2020 20:41:25 GMT
      Etag:
      - W/"a10a44379417d58e3611ee8ee68df728"
      Last-Modified:
      - Sun, 05 Apr 2020 20:30:23 GMT
      Referrer-Policy:
      - origin-when-cross-origin, strict-origin-when-cross-origin
      Server:
      - GitHub.com
      Status:
      - 200 OK
      Strict-Transport-Security:
      - max-age=31536000; includeSubdomains; preload
      Transfer-Encoding:
      - chunked
      Vary:
      - Accept, Authorization, Cookie, X-GitHub-OTP
      - Accept-Encoding, Accept, X-Requested-With
      X-Accepted-Oauth-Scopes:
      - ''
      X-Consumed-Content-Encoding:
      - gzip
      X-Content-Type-Options:
      - nosniff
      X-Frame-Options:
      - deny
      X-Github-Media-Type:
      - github.v3
      X-Github-Request-Id:
      - CAB4:5216:85984B:13DA1C9:5E8A4275
      X-Oauth-Scopes:
      - notifications, repo, user
      X-Ratelimit-Limit:
      - '5000'
      X-Ratelimit-Remaining:
      - '4997'
      X-Ratelimit-Reset:
      - '1586122485'
      X-Xss-Protection:
      - 1; mode=block
    status:
      code: 200
      message: OK
    status_code: 200
    url: https://api.github.com/repos/1nf1n1t3l00p/priv_example/pulls/1
- request:
    body: null
    headers:
      Accept:
      - application/json
      User-Agent:
      - Default
    method: GET
    uri: https://api.github.com/repos/1nf1n1t3l00p/priv_example/pulls/1/commits
  response:
    content: '[{"sha":"6341a94d2bb77a6153cec905363348937d258720","node_id":"MDY6Q29tbWl0MTU5MDkwNTA1OjYzNDFhOTRkMmJiNzdhNjE1M2NlYzkwNTM2MzM0ODkzN2QyNTg3MjA=","commit":{"author":{"name":"Thomas
      Buida","email":"thomasbuida@gmail.com","date":"2020-04-05T20:29:51Z"},"committer":{"name":"Thomas
      Buida","email":"thomasbuida@gmail.com","date":"2020-04-05T20:29:51Z"},"message":"Some
      random change","tree":{"sha":"b091d2e878626b6d3a2b2f87081a600206da70e0","url":"https://api.github.com/repos/1nf1n1t3l00p/priv_example/git/trees/b091d2e878626b6d3a2b2f87081a600206da70e0"},"url":"https://api.github.com/repos/1nf1n1t3l00p/priv_example/git/commits/6341a94d2bb77a6153cec905363348937d258720","comment_count":0,"verification":{"verified":false,"reason":"unsigned","signature":null,"payload":null}},"url":"https://api.github.com/repos/1nf1n1t3l00p/priv_example/commits/6341a94d2bb77a6153cec905363348937d258720","html_url":"https://github.com/1nf1n1t3l00p/priv_example/commit/6341a94d2bb77a6153cec905363348937d258720","comments_url":"https://api.github.com/repos/1nf1n1t3l00p/priv_example/commits/6341a94d2bb77a6153cec905363348937d258720/comments","author":{"login":"TJBIII","id":13630281,"node_id":"MDQ6VXNlcjEzNjMwMjgx","avatar_url":"https://avatars0.githubusercontent.com/u/13630281?v=4","gravatar_id":"","url":"https://api.github.com/users/TJBIII","html_url":"https://github.com/TJBIII","followers_url":"https://api.github.com/users/TJBIII/followers","following_url":"https://api.github.com/users/TJBIII/following{/other_user}","gists_url":"https://api.github.com/users/TJBIII/gists{/gist_id}","starred_url":"https://api.github.com/users/TJBIII/starred{/owner}{/repo}","subscriptions_url":"https://api.github.com/users/TJBIII/subscriptions","organizations_url":"https://api.github.com/users/TJBIII/orgs","repos_url":"https://api.github.com/users/TJBIII/repos","events_url":"https://api.github.com/users/TJBIII/events{/privacy}","received_events_url":"https://api.github.com/users/TJBIII/received_events","type":"User","site_admin":false},"committer":{"login":"TJBIII","id":13630281,"node_id":"MDQ6VXNlcjEzNjMwMjgx","avatar_url":"https://avatars0.githubusercontent.com/u/13630281?v=4","gravatar_id":"","url":"https://api.github.com/users/TJBIII","html_url":"https://github.com/TJBIII","followers_url":"https://api.github.com/users/TJBIII/followers","following_url":"https://api.github.com/users/TJBIII/following{/other_user}","gists_url":"https://api.github.com/users/TJBIII/gists{/gist_id}","starred_url":"https://api.github.com/users/TJBIII/starred{/owner}{/repo}","subscriptions_url":"https://api.github.com/users/TJBIII/subscriptions","organizations_url":"https://api.github.com/users/TJBIII/orgs","repos_url":"https://api.github.com/users/TJBIII/repos","events_url":"https://api.github.com/users/TJBIII/events{/privacy}","received_events_url":"https://api.github.com/users/TJBIII/received_events","type":"User","site_admin":false},"parents":[{"sha":"ca084b346c2f1450f011adbd5ec950e3532b57b6","url":"https://api.github.com/repos/1nf1n1t3l00p/priv_example/commits/ca084b346c2f1450f011adbd5ec950e3532b57b6","html_url":"https://github.com/1nf1n1t3l00p/priv_example/commit/ca084b346c2f1450f011adbd5ec950e3532b57b6"}]}]'
    headers:
      Access-Control-Allow-Origin:
      - '*'
      Access-Control-Expose-Headers:
      - ETag, Link, Location, Retry-After, X-GitHub-OTP, X-RateLimit-Limit, X-RateLimit-Remaining,
        X-RateLimit-Reset, X-OAuth-Scopes, X-Accepted-OAuth-Scopes, X-Poll-Interval,
        X-GitHub-Media-Type, Deprecation, Sunset
      Cache-Control:
      - private, max-age=60, s-maxage=60
      Connection:
      - close
      Content-Security-Policy:
      - default-src 'none'
      Content-Type:
      - application/json; charset=utf-8
      Date:
      - Sun, 05 Apr 2020 20:41:25 GMT
      Etag:
      - W/"e3d3236f9e5cbf69508280bf76aab148"
      Last-Modified:
      - Sun, 05 Apr 2020 20:30:23 GMT
      Referrer-Policy:
      - origin-when-cross-origin, strict-origin-when-cross-origin
      Server:
      - GitHub.com
      Status:
      - 200 OK
      Strict-Transport-Security:
      - max-age=31536000; includeSubdomains; preload
      Transfer-Encoding:
      - chunked
      Vary:
      - Accept, Authorization, Cookie, X-GitHub-OTP
      - Accept-Encoding, Accept, X-Requested-With
      X-Accepted-Oauth-Scopes:
      - ''
      X-Consumed-Content-Encoding:
      - gzip
      X-Content-Type-Options:
      - nosniff
      X-Frame-Options:
      - deny
      X-Github-Media-Type:
      - github.v3
      X-Github-Request-Id:
      - CAB8:5216:859852:13DA1E5:5E8A4275
      X-Oauth-Scopes:
      - notifications, repo, user
      X-Ratelimit-Limit:
      - '5000'
      X-Ratelimit-Remaining:
      - '4996'
      X-Ratelimit-Reset:
      - '1586122485'
      X-Xss-Protection:
      - 1; mode=block
    status:
      code: 200
      message: OK
    status_code: 200
    url: https://api.github.com/repos/1nf1n1t3l00p/priv_example/pulls/1/commits
- request:
    body: '{"body": "The author of this PR, 1nf1n1t3l00p, is not an active member
      of this organization on Codecov.\nPlease [activate this user on Codecov](None/account/gh/1nf1n1t3l00p/users)
      to display this PR comment."}'
    headers:
      Accept:
      - application/json
      User-Agent:
      - Default
    method: POST
    uri: https://api.github.com/repos/1nf1n1t3l00p/priv_example/issues/1/comments
  response:
    content: '{"url":"https://api.github.com/repos/1nf1n1t3l00p/priv_example/issues/comments/609479265","html_url":"https://github.com/1nf1n1t3l00p/priv_example/pull/1#issuecomment-609479265","issue_url":"https://api.github.com/repos/1nf1n1t3l00p/priv_example/issues/1","id":609479265,"node_id":"MDEyOklzc3VlQ29tbWVudDYwOTQ3OTI2NQ==","user":{"login":"1nf1n1t3l00p","id":45343385,"node_id":"MDQ6VXNlcjQ1MzQzMzg1","avatar_url":"https://avatars3.githubusercontent.com/u/45343385?u=86aaa662c46ce41b7b6d6af3121d507b313ba9b4&v=4","gravatar_id":"","url":"https://api.github.com/users/1nf1n1t3l00p","html_url":"https://github.com/1nf1n1t3l00p","followers_url":"https://api.github.com/users/1nf1n1t3l00p/followers","following_url":"https://api.github.com/users/1nf1n1t3l00p/following{/other_user}","gists_url":"https://api.github.com/users/1nf1n1t3l00p/gists{/gist_id}","starred_url":"https://api.github.com/users/1nf1n1t3l00p/starred{/owner}{/repo}","subscriptions_url":"https://api.github.com/users/1nf1n1t3l00p/subscriptions","organizations_url":"https://api.github.com/users/1nf1n1t3l00p/orgs","repos_url":"https://api.github.com/users/1nf1n1t3l00p/repos","events_url":"https://api.github.com/users/1nf1n1t3l00p/events{/privacy}","received_events_url":"https://api.github.com/users/1nf1n1t3l00p/received_events","type":"User","site_admin":false},"created_at":"2020-04-05T20:41:25Z","updated_at":"2020-04-05T20:41:25Z","author_association":"OWNER","body":"The
      author of this PR, 1nf1n1t3l00p, is not an active member of this organization
      on Codecov.\nPlease [activate this user on Codecov](None/account/gh/1nf1n1t3l00p/users)
      to display this PR comment."}'
    headers:
      Access-Control-Allow-Origin:
      - '*'
      Access-Control-Expose-Headers:
      - ETag, Link, Location, Retry-After, X-GitHub-OTP, X-RateLimit-Limit, X-RateLimit-Remaining,
        X-RateLimit-Reset, X-OAuth-Scopes, X-Accepted-OAuth-Scopes, X-Poll-Interval,
        X-GitHub-Media-Type, Deprecation, Sunset
      Cache-Control:
      - private, max-age=60, s-maxage=60
      Connection:
      - close
      Content-Length:
      - '1635'
      Content-Security-Policy:
      - default-src 'none'
      Content-Type:
      - application/json; charset=utf-8
      Date:
      - Sun, 05 Apr 2020 20:41:25 GMT
      Etag:
      - '"d9bf13b24ec690cf985ada8a701fe301"'
      Location:
      - https://api.github.com/repos/1nf1n1t3l00p/priv_example/issues/comments/609479265
      Referrer-Policy:
      - origin-when-cross-origin, strict-origin-when-cross-origin
      Server:
      - GitHub.com
      Status:
      - 201 Created
      Strict-Transport-Security:
      - max-age=31536000; includeSubdomains; preload
      Vary:
      - Accept, Authorization, Cookie, X-GitHub-OTP
      - Accept-Encoding, Accept, X-Requested-With
      X-Accepted-Oauth-Scopes:
      - ''
      X-Content-Type-Options:
      - nosniff
      X-Frame-Options:
      - deny
      X-Github-Media-Type:
      - github.v3
      X-Github-Request-Id:
      - CABA:06EF:85FE02:134A247:5E8A4275
      X-Oauth-Scopes:
      - notifications, repo, user
      X-Ratelimit-Limit:
      - '5000'
      X-Ratelimit-Remaining:
      - '4995'
      X-Ratelimit-Reset:
      - '1586122485'
      X-Xss-Protection:
      - 1; mode=block
    status:
      code: 201
      message: Created
    status_code: 201
    url: https://api.github.com/repos/1nf1n1t3l00p/priv_example/issues/1/comments
version: 1
